Archive member included to satisfy reference by file (symbol)

/opt/st/stm32cubeide_1.15.1/plugins/com.st.stm32cube.ide.mcu.externaltools.gnu-tools-for-stm32.12.3.rel1.linux64_1.0.100.202403111256/tools/bin/../lib/gcc/arm-none-eabi/12.3.1/../../../../arm-none-eabi/lib/thumb/v8-m.main+fp/hard/libc_nano.a(libc_a-exit.o)
                              /opt/st/stm32cubeide_1.15.1/plugins/com.st.stm32cube.ide.mcu.externaltools.gnu-tools-for-stm32.12.3.rel1.linux64_1.0.100.202403111256/tools/bin/../lib/gcc/arm-none-eabi/12.3.1/../../../../arm-none-eabi/lib/thumb/v8-m.main+fp/hard/crt0.o (exit)
/opt/st/stm32cubeide_1.15.1/plugins/com.st.stm32cube.ide.mcu.externaltools.gnu-tools-for-stm32.12.3.rel1.linux64_1.0.100.202403111256/tools/bin/../lib/gcc/arm-none-eabi/12.3.1/../../../../arm-none-eabi/lib/thumb/v8-m.main+fp/hard/libc_nano.a(libc_a-malloc.o)
                              ./Core/Src/process.o (malloc)
/opt/st/stm32cubeide_1.15.1/plugins/com.st.stm32cube.ide.mcu.externaltools.gnu-tools-for-stm32.12.3.rel1.linux64_1.0.100.202403111256/tools/bin/../lib/gcc/arm-none-eabi/12.3.1/../../../../arm-none-eabi/lib/thumb/v8-m.main+fp/hard/libc_nano.a(libc_a-mallocr.o)
                              /opt/st/stm32cubeide_1.15.1/plugins/com.st.stm32cube.ide.mcu.externaltools.gnu-tools-for-stm32.12.3.rel1.linux64_1.0.100.202403111256/tools/bin/../lib/gcc/arm-none-eabi/12.3.1/../../../../arm-none-eabi/lib/thumb/v8-m.main+fp/hard/libc_nano.a(libc_a-malloc.o) (_malloc_r)
/opt/st/stm32cubeide_1.15.1/plugins/com.st.stm32cube.ide.mcu.externaltools.gnu-tools-for-stm32.12.3.rel1.linux64_1.0.100.202403111256/tools/bin/../lib/gcc/arm-none-eabi/12.3.1/../../../../arm-none-eabi/lib/thumb/v8-m.main+fp/hard/libc_nano.a(libc_a-mlock.o)
                              /opt/st/stm32cubeide_1.15.1/plugins/com.st.stm32cube.ide.mcu.externaltools.gnu-tools-for-stm32.12.3.rel1.linux64_1.0.100.202403111256/tools/bin/../lib/gcc/arm-none-eabi/12.3.1/../../../../arm-none-eabi/lib/thumb/v8-m.main+fp/hard/libc_nano.a(libc_a-mallocr.o) (__malloc_lock)
/opt/st/stm32cubeide_1.15.1/plugins/com.st.stm32cube.ide.mcu.externaltools.gnu-tools-for-stm32.12.3.rel1.linux64_1.0.100.202403111256/tools/bin/../lib/gcc/arm-none-eabi/12.3.1/../../../../arm-none-eabi/lib/thumb/v8-m.main+fp/hard/libc_nano.a(libc_a-findfp.o)
                              /opt/st/stm32cubeide_1.15.1/plugins/com.st.stm32cube.ide.mcu.externaltools.gnu-tools-for-stm32.12.3.rel1.linux64_1.0.100.202403111256/tools/bin/../lib/gcc/arm-none-eabi/12.3.1/../../../../arm-none-eabi/lib/thumb/v8-m.main+fp/hard/libc_nano.a(libc_a-exit.o) (__stdio_exit_handler)
/opt/st/stm32cubeide_1.15.1/plugins/com.st.stm32cube.ide.mcu.externaltools.gnu-tools-for-stm32.12.3.rel1.linux64_1.0.100.202403111256/tools/bin/../lib/gcc/arm-none-eabi/12.3.1/../../../../arm-none-eabi/lib/thumb/v8-m.main+fp/hard/libc_nano.a(libc_a-fwalk.o)
                              /opt/st/stm32cubeide_1.15.1/plugins/com.st.stm32cube.ide.mcu.externaltools.gnu-tools-for-stm32.12.3.rel1.linux64_1.0.100.202403111256/tools/bin/../lib/gcc/arm-none-eabi/12.3.1/../../../../arm-none-eabi/lib/thumb/v8-m.main+fp/hard/libc_nano.a(libc_a-findfp.o) (_fwalk_sglue)
/opt/st/stm32cubeide_1.15.1/plugins/com.st.stm32cube.ide.mcu.externaltools.gnu-tools-for-stm32.12.3.rel1.linux64_1.0.100.202403111256/tools/bin/../lib/gcc/arm-none-eabi/12.3.1/../../../../arm-none-eabi/lib/thumb/v8-m.main+fp/hard/libc_nano.a(libc_a-perror.o)
                              ./Core/Src/process.o (perror)
/opt/st/stm32cubeide_1.15.1/plugins/com.st.stm32cube.ide.mcu.externaltools.gnu-tools-for-stm32.12.3.rel1.linux64_1.0.100.202403111256/tools/bin/../lib/gcc/arm-none-eabi/12.3.1/../../../../arm-none-eabi/lib/thumb/v8-m.main+fp/hard/libc_nano.a(libc_a-stdio.o)
                              /opt/st/stm32cubeide_1.15.1/plugins/com.st.stm32cube.ide.mcu.externaltools.gnu-tools-for-stm32.12.3.rel1.linux64_1.0.100.202403111256/tools/bin/../lib/gcc/arm-none-eabi/12.3.1/../../../../arm-none-eabi/lib/thumb/v8-m.main+fp/hard/libc_nano.a(libc_a-findfp.o) (__sread)
/opt/st/stm32cubeide_1.15.1/plugins/com.st.stm32cube.ide.mcu.externaltools.gnu-tools-for-stm32.12.3.rel1.linux64_1.0.100.202403111256/tools/bin/../lib/gcc/arm-none-eabi/12.3.1/../../../../arm-none-eabi/lib/thumb/v8-m.main+fp/hard/libc_nano.a(libc_a-memset.o)
                              /opt/st/stm32cubeide_1.15.1/plugins/com.st.stm32cube.ide.mcu.externaltools.gnu-tools-for-stm32.12.3.rel1.linux64_1.0.100.202403111256/tools/bin/../lib/gcc/arm-none-eabi/12.3.1/../../../../arm-none-eabi/lib/thumb/v8-m.main+fp/hard/crt0.o (memset)
/opt/st/stm32cubeide_1.15.1/plugins/com.st.stm32cube.ide.mcu.externaltools.gnu-tools-for-stm32.12.3.rel1.linux64_1.0.100.202403111256/tools/bin/../lib/gcc/arm-none-eabi/12.3.1/../../../../arm-none-eabi/lib/thumb/v8-m.main+fp/hard/libc_nano.a(libc_a-strerror.o)
[...]
Memory Configuration

Name             Origin             Length             Attributes
RAM              0x20000000         0x000c0000         xrw
SRAM4            0x28000000         0x00004000         xrw
FLASH            0x08000000         0x00200000         xr
*default*        0x00000000         0xffffffff

Linker script and memory map

LOAD /opt/st/stm32cubeide_1.15.1/plugins/com.st.stm32cube.ide.mcu.externaltools.gnu-tools-for-stm32.12.3.rel1.linux64_1.0.100.202403111256/tools/bin/../lib/gcc/arm-none-eabi/12.3.1/thumb/v8-m.main+fp/hard/crti.o
LOAD /opt/st/stm32cubeide_1.15.1/plugins/com.st.stm32cube.ide.mcu.externaltools.gnu-tools-for-stm32.12.3.rel1.linux64_1.0.100.202403111256/tools/bin/../lib/gcc/arm-none-eabi/12.3.1/thumb/v8-m.main+fp/hard/crtbegin.o
LOAD /opt/st/stm32cubeide_1.15.1/plugins/com.st.stm32cube.ide.mcu.externaltools.gnu-tools-for-stm32.12.3.rel1.linux64_1.0.100.202403111256/tools/bin/../lib/gcc/arm-none-eabi/12.3.1/../../../../arm-none-eabi/lib/thumb/v8-m.main+fp/hard/crt0.o
LOAD ./Core/Src/Data.o
LOAD ./Core/Src/crc.o
LOAD ./Core/Src/main.o
LOAD ./Core/Src/process.o
LOAD ./Core/Src/stm32u5xx_hal_msp.o
LOAD ./Core/Src/stm32u5xx_it.o
LOAD ./Core/Src/syscalls.o
LOAD ./Core/Src/sysmem.o
LOAD ./Core/Src/system_stm32u5xx.o
LOAD ./Core/Startup/startup_stm32u585aiixq.o
LOAD ./Drivers/STM32U5xx_HAL_Driver/Src/stm32u5xx_hal.o
LOAD ./Drivers/STM32U5xx_HAL_Driver/Src/stm32u5xx_hal_cortex.o
LOAD ./Drivers/STM32U5xx_HAL_Driver/Src/stm32u5xx_hal_dma.o
LOAD ./Drivers/STM32U5xx_HAL_Driver/Src/stm32u5xx_hal_dma_ex.o
LOAD ./Drivers/STM32U5xx_HAL_Driver/Src/stm32u5xx_hal_exti.o
LOAD ./Drivers/STM32U5xx_HAL_Driver/Src/stm32u5xx_hal_flash.o
LOAD ./Drivers/STM32U5xx_HAL_Driver/Src/stm32u5xx_hal_flash_ex.o
LOAD ./Drivers/STM32U5xx_HAL_Driver/Src/stm32u5xx_hal_gpio.o
LOAD ./Drivers/STM32U5xx_HAL_Driver/Src/stm32u5xx_hal_gtzc.o
LOAD ./Drivers/STM32U5xx_HAL_Driver/Src/stm32u5xx_hal_i2c.o
LOAD ./Drivers/STM32U5xx_HAL_Driver/Src/stm32u5xx_hal_i2c_ex.o
LOAD ./Drivers/STM32U5xx_HAL_Driver/Src/stm32u5xx_hal_icache.o
LOAD ./Drivers/STM32U5xx_HAL_Driver/Src/stm32u5xx_hal_pwr.o
LOAD ./Drivers/STM32U5xx_HAL_Driver/Src/stm32u5xx_hal_pwr_ex.o
LOAD ./Drivers/STM32U5xx_HAL_Driver/Src/stm32u5xx_hal_rcc.o
LOAD ./Drivers/STM32U5xx_HAL_Driver/Src/stm32u5xx_hal_rcc_ex.o
LOAD ./Drivers/STM32U5xx_HAL_Driver/Src/stm32u5xx_hal_spi.o
LOAD ./Drivers/STM32U5xx_HAL_Driver/Src/stm32u5xx_hal_spi_ex.o
LOAD ./Drivers/STM32U5xx_HAL_Driver/Src/stm32u5xx_hal_tim.o
LOAD ./Drivers/STM32U5xx_HAL_Driver/Src/stm32u5xx_hal_tim_ex.o
LOAD ./Drivers/STM32U5xx_HAL_Driver/Src/stm32u5xx_hal_uart.o
LOAD ./Drivers/STM32U5xx_HAL_Driver/Src/stm32u5xx_hal_uart_ex.o
START GROUP
LOAD /opt/st/stm32cubeide_1.15.1/plugins/com.st.stm32cube.ide.mcu.externaltools.gnu-tools-for-stm32.12.3.rel1.linux64_1.0.100.202403111256/tools/bin/../lib/gcc/arm-none-eabi/12.3.1/../../../../arm-none-eabi/lib/thumb/v8-m.main+fp/hard/libc_nano.a
LOAD /opt/st/stm32cubeide_1.15.1/plugins/com.st.stm32cube.ide.mcu.externaltools.gnu-tools-for-stm32.12.3.rel1.linux64_1.0.100.202403111256/tools/bin/../lib/gcc/arm-none-eabi/12.3.1/../../../../arm-none-eabi/lib/thumb/v8-m.main+fp/hard/libm.a
END GROUP
START GROUP
LOAD /opt/st/stm32cubeide_1.15.1/plugins/com.st.stm32cube.ide.mcu.externaltools.gnu-tools-for-stm32.12.3.rel1.linux64_1.0.100.202403111256/tools/bin/../lib/gcc/arm-none-eabi/12.3.1/thumb/v8-m.main+fp/hard/libgcc.a
LOAD /opt/st/stm32cubeide_1.15.1/plugins/com.st.stm32cube.ide.mcu.externaltools.gnu-tools-for-stm32.12.3.rel1.linux64_1.0.100.202403111256/tools/bin/../lib/gcc/arm-none-eabi/12.3.1/../../../../arm-none-eabi/lib/thumb/v8-m.main+fp/hard/libc_nano.a
END GROUP
START GROUP
LOAD /opt/st/stm32cubeide_1.15.1/plugins/com.st.stm32cube.ide.mcu.externaltools.gnu-tools-for-stm32.12.3.rel1.linux64_1.0.100.202403111256/tools/bin/../lib/gcc/arm-none-eabi/12.3.1/thumb/v8-m.main+fp/hard/libgcc.a
LOAD /opt/st/stm32cubeide_1.15.1/plugins/com.st.stm32cube.ide.mcu.externaltools.gnu-tools-for-stm32.12.3.rel1.linux64_1.0.100.202403111256/tools/bin/../lib/gcc/arm-none-eabi/12.3.1/../../../../arm-none-eabi/lib/thumb/v8-m.main+fp/hard/libc_nano.a
LOAD /opt/st/stm32cubeide_1.15.1/plugins/com.st.stm32cube.ide.mcu.externaltools.gnu-tools-for-stm32.12.3.rel1.linux64_1.0.100.202403111256/tools/bin/../lib/gcc/arm-none-eabi/12.3.1/../../../../arm-none-eabi/lib/thumb/v8-m.main+fp/hard/libnosys.a
END GROUP
START GROUP
LOAD /opt/st/stm32cubeide_1.15.1/plugins/com.st.stm32cube.ide.mcu.externaltools.gnu-tools-for-stm32.12.3.rel1.linux64_1.0.100.202403111256/tools/bin/../lib/gcc/arm-none-eabi/12.3.1/thumb/v8-m.main+fp/hard/libgcc.a
LOAD /opt/st/stm32cubeide_1.15.1/plugins/com.st.stm32cube.ide.mcu.externaltools.gnu-tools-for-stm32.12.3.rel1.linux64_1.0.100.202403111256/tools/bin/../lib/gcc/arm-none-eabi/12.3.1/../../../../arm-none-eabi/lib/thumb/v8-m.main+fp/hard/libc_nano.a
LOAD /opt/st/stm32cubeide_1.15.1/plugins/com.st.stm32cube.ide.mcu.externaltools.gnu-tools-for-stm32.12.3.rel1.linux64_1.0.100.202403111256/tools/bin/../lib/gcc/arm-none-eabi/12.3.1/../../../../arm-none-eabi/lib/thumb/v8-m.main+fp/hard/libnosys.a
END GROUP
LOAD /opt/st/stm32cubeide_1.15.1/plugins/com.st.stm32cube.ide.mcu.externaltools.gnu-tools-for-stm32.12.3.rel1.linux64_1.0.100.202403111256/tools/bin/../lib/gcc/arm-none-eabi/12.3.1/thumb/v8-m.main+fp/hard/crtend.o
LOAD /opt/st/stm32cubeide_1.15.1/plugins/com.st.stm32cube.ide.mcu.externaltools.gnu-tools-for-stm32.12.3.rel1.linux64_1.0.100.202403111256/tools/bin/../lib/gcc/arm-none-eabi/12.3.1/thumb/v8-m.main+fp/hard/crtn.o
                0x200c0000                        _estack = (ORIGIN (RAM) + LENGTH (RAM))
                0x00000200                        _Min_Heap_Size = 0x200
                0x00000400                        _Min_Stack_Size = 0x400

.isr_vector     0x08000000      0x238
 *(.isr_vector)
 .isr_vector    0x08000000      0x238 ./Core/Startup/startup_stm32u585aiixq.o
                0x08000000                g_pfnVectors

.text           0x08000238     0x6ad4
 *(.text)
 .text          0x08000238       0x40 /opt/st/stm32cubeide_1.15.1/plugins/com.st.stm32cube.ide.mcu.externaltools.gnu-tools-for-stm32.12.3.rel1.linux64_1.0.100.202403111256/tools/bin/../lib/gcc/arm-none-eabi/12.3.1/thumb/v8-m.main+fp/hard/crtbegin.o
 .text          0x08000278       0x30 /opt/st/stm32cubeide_1.15.1/plugins/com.st.stm32cube.ide.mcu.externaltools.gnu-tools-for-stm32.12.3.rel1.linux64_1.0.100.202403111256/tools/bin/../lib/gcc/arm-none-eabi/12.3.1/thumb/v8-m.main+fp/hard/libgcc.a(_aeabi_uldivmod.o)
                0x08000278                __aeabi_uldivmod
 .text          0x080002a8      0x2e4 /opt/st/stm32cubeide_1.15.1/plugins/com.st.stm32cube.ide.mcu.externaltools.gnu-tools-for-stm32.12.3.rel1.linux64_1.0.100.202403111256/tools/bin/../lib/gcc/arm-none-eabi/12.3.1/thumb/v8-m.main+fp/hard/libgcc.a(_udivmoddi4.o)
                0x080002a8                __udivmoddi4
 .text          0x0800058c        0x4 /opt/st/stm32cubeide_1.15.1/plugins/com.st.stm32cube.ide.mcu.externaltools.gnu-tools-for-stm32.12.3.rel1.linux64_1.0.100.202403111256/tools/bin/../lib/gcc/arm-none-eabi/12.3.1/thumb/v8-m.main+fp/hard/libgcc.a(_dvmd_tls.o)
                0x0800058c                __aeabi_ldiv0
                0x0800058c                __aeabi_idiv0
 *(.text*)
 .text.reverseByte
                0x08000590       0x68 ./Core/Src/crc.o
                0x08000590                reverseByte
 .text.crc16_arc
                0x080005f8       0xa8 ./Core/Src/crc.o
                0x080005f8                crc16_arc
 .text.RS485Process
                0x080006a0       0xd8 ./Core/Src/main.o
                0x080006a0                RS485Process
 .text.ModbusProcess
                0x08000778      0x1b8 ./Core/Src/main.o
                0x08000778                ModbusProcess
 .text.main     0x08000930       0x1e ./Core/Src/main.o
                0x08000930                main
 .text.SystemClock_Config
                0x0800094e       0xc2 ./Core/Src/main.o
                0x0800094e                SystemClock_Config
 .text.MX_SPI1_Init
                0x08000a10       0xe0 ./Core/Src/main.o
 .text.MX_USART3_UART_Init
                0x08000af0       0x98 ./Core/Src/main.o
 .text.MX_GPIO_Init
                0x08000b88       0xc0 ./Core/Src/main.o
 .text.Error_Handler
                0x08000c48        0xc ./Core/Src/main.o
                0x08000c48                Error_Handler
 .text.HAL_MspInit
                0x08000c54       0x34 ./Core/Src/stm32u5xx_hal_msp.o
                0x08000c54                HAL_MspInit
 .text.HAL_SPI_MspInit
                0x08000c88       0xd4 ./Core/Src/stm32u5xx_hal_msp.o
                0x08000c88                HAL_SPI_MspInit
 .text.HAL_UART_MspInit
                0x08000d5c       0xd0 ./Core/Src/stm32u5xx_hal_msp.o
                0x08000d5c                HAL_UART_MspInit
 .text.NMI_Handler
                0x08000e2c        0x8 ./Core/Src/stm32u5xx_it.o
                0x08000e2c                NMI_Handler
 .text.HardFault_Handler
                0x08000e34        0x8 ./Core/Src/stm32u5xx_it.o
                0x08000e34                HardFault_Handler
 .text.MemManage_Handler
                0x08000e3c        0x8 ./Core/Src/stm32u5xx_it.o
                0x08000e3c                MemManage_Handler
 .text.BusFault_Handler
                0x08000e44        0x8 ./Core/Src/stm32u5xx_it.o
                0x08000e44                BusFault_Handler
 .text.UsageFault_Handler
                0x08000e4c        0x8 ./Core/Src/stm32u5xx_it.o
                0x08000e4c                UsageFault_Handler
 .text.SVC_Handler
                0x08000e54        0xe ./Core/Src/stm32u5xx_it.o
                0x08000e54                SVC_Handler
 .text.DebugMon_Handler
                0x08000e62        0xe ./Core/Src/stm32u5xx_it.o
                0x08000e62                DebugMon_Handler
 .text.PendSV_Handler
                0x08000e70        0xe ./Core/Src/stm32u5xx_it.o
                0x08000e70                PendSV_Handler
 .text.SysTick_Handler
                0x08000e7e        0xc ./Core/Src/stm32u5xx_it.o
                0x08000e7e                SysTick_Handler
 *fill*         0x08000e8a        0x2 
 .text.SystemInit
                0x08000e8c       0x70 ./Core/Src/system_stm32u5xx.o
                0x08000e8c                SystemInit
 .text.Reset_Handler
                0x08000efc       0x50 ./Core/Startup/startup_stm32u585aiixq.o
                0x08000efc                Reset_Handler
 .text.Default_Handler
                0x08000f4c        0x2 ./Core/Startup/startup_stm32u585aiixq.o
                0x08000f4c                EXTI2_IRQHandler
                0x08000f4c                TIM8_TRG_COM_IRQHandler
                0x08000f4c                TIM8_CC_IRQHandler
                0x08000f4c                EXTI5_IRQHandler
                0x08000f4c                FLASH_S_IRQHandler
                0x08000f4c                EXTI13_IRQHandler
                0x08000f4c                TIM1_CC_IRQHandler
                0x08000f4c                TSC_IRQHandler
                0x08000f4c                TAMP_IRQHandler
                0x08000f4c                TIM6_IRQHandler
                0x08000f4c                EXTI12_IRQHandler
                0x08000f4c                CORDIC_IRQHandler
                0x08000f4c                EXTI3_IRQHandler
                0x08000f4c                LPTIM4_IRQHandler
                0x08000f4c                GPDMA1_Channel5_IRQHandler
                0x08000f4c                EXTI8_IRQHandler
                0x08000f4c                LPTIM2_IRQHandler
                0x08000f4c                I2C3_ER_IRQHandler
                0x08000f4c                PWR_S3WU_IRQHandler
                0x08000f4c                MDF1_FLT2_IRQHandler
                0x08000f4c                LPDMA1_Channel3_IRQHandler
                0x08000f4c                LPTIM3_IRQHandler
                0x08000f4c                EXTI0_IRQHandler
                0x08000f4c                I2C2_EV_IRQHandler
                0x08000f4c                FPU_IRQHandler
                0x08000f4c                GPDMA1_Channel3_IRQHandler
                0x08000f4c                GPDMA1_Channel7_IRQHandler
                0x08000f4c                MDF1_FLT4_IRQHandler
                0x08000f4c                FDCAN1_IT1_IRQHandler
                0x08000f4c                RAMCFG_IRQHandler
                0x08000f4c                GPDMA1_Channel9_IRQHandler
                0x08000f4c                DCACHE1_IRQHandler
                0x08000f4c                SPI1_IRQHandler
                0x08000f4c                OCTOSPI1_IRQHandler
                0x08000f4c                GPDMA1_Channel2_IRQHandler
                0x08000f4c                TIM8_UP_IRQHandler
                0x08000f4c                RCC_S_IRQHandler
                0x08000f4c                OCTOSPI2_IRQHandler
                0x08000f4c                SAI2_IRQHandler
                0x08000f4c                MDF1_FLT1_IRQHandler
                0x08000f4c                ADC1_IRQHandler
                0x08000f4c                PKA_IRQHandler
                0x08000f4c                MDF1_FLT5_IRQHandler
                0x08000f4c                EXTI15_IRQHandler
                0x08000f4c                TIM17_IRQHandler
                0x08000f4c                USART3_IRQHandler
                0x08000f4c                RTC_IRQHandler
                0x08000f4c                EXTI9_IRQHandler
                0x08000f4c                UART5_IRQHandler
                0x08000f4c                TIM4_IRQHandler
                0x08000f4c                I2C1_EV_IRQHandler
                0x08000f4c                GPDMA1_Channel12_IRQHandler
                0x08000f4c                GPDMA1_Channel1_IRQHandler
                0x08000f4c                TIM16_IRQHandler
                0x08000f4c                GPDMA1_Channel15_IRQHandler
                0x08000f4c                UART4_IRQHandler
                0x08000f4c                SecureFault_Handler
                0x08000f4c                TIM3_IRQHandler
                0x08000f4c                RCC_IRQHandler
                0x08000f4c                TIM1_TRG_COM_IRQHandler
                0x08000f4c                Default_Handler
                0x08000f4c                GPDMA1_Channel8_IRQHandler
                0x08000f4c                FMAC_IRQHandler
                0x08000f4c                OTFDEC1_IRQHandler
                0x08000f4c                GPDMA1_Channel11_IRQHandler
                0x08000f4c                TIM7_IRQHandler
                0x08000f4c                SDMMC1_IRQHandler
                0x08000f4c                SAES_IRQHandler
                0x08000f4c                TIM5_IRQHandler
                0x08000f4c                UCPD1_IRQHandler
                0x08000f4c                GPDMA1_Channel0_IRQHandler
                0x08000f4c                TIM15_IRQHandler
                0x08000f4c                I2C3_EV_IRQHandler
                0x08000f4c                LPDMA1_Channel0_IRQHandler
                0x08000f4c                PVD_PVM_IRQHandler
                0x08000f4c                SPI2_IRQHandler
                0x08000f4c                LPDMA1_Channel1_IRQHandler
                0x08000f4c                EXTI14_IRQHandler
                0x08000f4c                EXTI11_IRQHandler
                0x08000f4c                OTFDEC2_IRQHandler
                0x08000f4c                CRS_IRQHandler
                0x08000f4c                GPDMA1_Channel14_IRQHandler
                0x08000f4c                LSECSSD_IRQHandler
                0x08000f4c                EXTI4_IRQHandler
                0x08000f4c                RTC_S_IRQHandler
                0x08000f4c                GPDMA1_Channel13_IRQHandler
                0x08000f4c                RNG_IRQHandler
                0x08000f4c                COMP_IRQHandler
                0x08000f4c                TIM1_UP_IRQHandler
                0x08000f4c                ADC4_IRQHandler
                0x08000f4c                WWDG_IRQHandler
                0x08000f4c                I2C4_EV_IRQHandler
                0x08000f4c                ADF1_IRQHandler
                0x08000f4c                IWDG_IRQHandler
                0x08000f4c                LPUART1_IRQHandler
                0x08000f4c                MDF1_FLT0_IRQHandler
                0x08000f4c                FDCAN1_IT0_IRQHandler
                0x08000f4c                TIM2_IRQHandler
                0x08000f4c                GPDMA1_Channel4_IRQHandler
                0x08000f4c                EXTI7_IRQHandler
                0x08000f4c                DMA2D_IRQHandler
                0x08000f4c                TIM1_BRK_IRQHandler
                0x08000f4c                EXTI1_IRQHandler
                0x08000f4c                SDMMC2_IRQHandler
                0x08000f4c                AES_IRQHandler
                0x08000f4c                DAC1_IRQHandler
                0x08000f4c                GTZC_IRQHandler
                0x08000f4c                MDF1_FLT3_IRQHandler
                0x08000f4c                USART2_IRQHandler
                0x08000f4c                GPDMA1_Channel6_IRQHandler
                0x08000f4c                I2C2_ER_IRQHandler
                0x08000f4c                TIM8_BRK_IRQHandler
                0x08000f4c                FLASH_IRQHandler
                0x08000f4c                USART1_IRQHandler
                0x08000f4c                EXTI10_IRQHandler
                0x08000f4c                OTG_FS_IRQHandler
                0x08000f4c                SPI3_IRQHandler
                0x08000f4c                LPDMA1_Channel2_IRQHandler
                0x08000f4c                I2C1_ER_IRQHandler
                0x08000f4c                FMC_IRQHandler
                0x08000f4c                EXTI6_IRQHandler
                0x08000f4c                LPTIM1_IRQHandler
                0x08000f4c                DCMI_PSSI_IRQHandler
                0x08000f4c                I2C4_ER_IRQHandler
                0x08000f4c                GPDMA1_Channel10_IRQHandler
                0x08000f4c                ICACHE_IRQHandler
                0x08000f4c                SAI1_IRQHandler
                0x08000f4c                HASH_IRQHandler
 *fill*         0x08000f4e        0x2 
 .text.HAL_Init
                0x08000f50       0x60 ./Drivers/STM32U5xx_HAL_Driver/Src/stm32u5xx_hal.o
                0x08000f50                HAL_Init
 .text.HAL_InitTick
                0x08000fb0       0xec ./Drivers/STM32U5xx_HAL_Driver/Src/stm32u5xx_hal.o
                0x08000fb0                HAL_InitTick
 .text.HAL_IncTick
                0x0800109c       0x28 ./Drivers/STM32U5xx_HAL_Driver/Src/stm32u5xx_hal.o
                0x0800109c                HAL_IncTick
 .text.HAL_GetTick
                0x080010c4       0x18 ./Drivers/STM32U5xx_HAL_Driver/Src/stm32u5xx_hal.o
                0x080010c4                HAL_GetTick
 .text.HAL_Delay
                0x080010dc       0x48 ./Drivers/STM32U5xx_HAL_Driver/Src/stm32u5xx_hal.o
                0x080010dc                HAL_Delay
 .text.__NVIC_SetPriorityGrouping
                0x08001124       0x48 ./Drivers/STM32U5xx_HAL_Driver/Src/stm32u5xx_hal_cortex.o
 .text.__NVIC_GetPriorityGrouping
                0x0800116c       0x1c ./Drivers/STM32U5xx_HAL_Driver/Src/stm32u5xx_hal_cortex.o
 .text.__NVIC_SetPriority
                0x08001188       0x54 ./Drivers/STM32U5xx_HAL_Driver/Src/stm32u5xx_hal_cortex.o
 .text.NVIC_EncodePriority
                0x080011dc       0x66 ./Drivers/STM32U5xx_HAL_Driver/Src/stm32u5xx_hal_cortex.o
 .text.HAL_NVIC_SetPriorityGrouping
                0x08001242       0x16 ./Drivers/STM32U5xx_HAL_Driver/Src/stm32u5xx_hal_cortex.o
                0x08001242                HAL_NVIC_SetPriorityGrouping
 .text.HAL_NVIC_SetPriority
                0x08001258       0x34 ./Drivers/STM32U5xx_HAL_Driver/Src/stm32u5xx_hal_cortex.o
                0x08001258                HAL_NVIC_SetPriority
 .text.HAL_SYSTICK_Config
                0x0800128c       0x44 ./Drivers/STM32U5xx_HAL_Driver/Src/stm32u5xx_hal_cortex.o
                0x0800128c                HAL_SYSTICK_Config
 .text.HAL_SYSTICK_CLKSourceConfig
                0x080012d0       0xb0 ./Drivers/STM32U5xx_HAL_Driver/Src/stm32u5xx_hal_cortex.o
                0x080012d0                HAL_SYSTICK_CLKSourceConfig
 .text.HAL_SYSTICK_GetCLKSourceConfig
                0x08001380       0x74 ./Drivers/STM32U5xx_HAL_Driver/Src/stm32u5xx_hal_cortex.o
                0x08001380                HAL_SYSTICK_GetCLKSourceConfig
 .text.HAL_GPIO_Init
                0x080013f4      0x3b0 ./Drivers/STM32U5xx_HAL_Driver/Src/stm32u5xx_hal_gpio.o
                0x080013f4                HAL_GPIO_Init
 .text.HAL_GPIO_WritePin
                0x080017a4       0x30 ./Drivers/STM32U5xx_HAL_Driver/Src/stm32u5xx_hal_gpio.o
                0x080017a4                HAL_GPIO_WritePin
 .text.HAL_PWREx_ControlVoltageScaling
                0x080017d4       0xfc ./Drivers/STM32U5xx_HAL_Driver/Src/stm32u5xx_hal_pwr_ex.o
                0x080017d4                HAL_PWREx_ControlVoltageScaling
 .text.HAL_PWREx_GetVoltageRange
                0x080018d0       0x1c ./Drivers/STM32U5xx_HAL_Driver/Src/stm32u5xx_hal_pwr_ex.o
                0x080018d0                HAL_PWREx_GetVoltageRange
 .text.HAL_RCC_OscConfig
                0x080018ec      0xdb8 ./Drivers/STM32U5xx_HAL_Driver/Src/stm32u5xx_hal_rcc.o
                0x080018ec                HAL_RCC_OscConfig
 .text.HAL_RCC_ClockConfig
                0x080026a4      0x3e4 ./Drivers/STM32U5xx_HAL_Driver/Src/stm32u5xx_hal_rcc.o
                0x080026a4                HAL_RCC_ClockConfig
 .text.HAL_RCC_GetSysClockFreq
                0x08002a88      0x204 ./Drivers/STM32U5xx_HAL_Driver/Src/stm32u5xx_hal_rcc.o
                0x08002a88                HAL_RCC_GetSysClockFreq
 .text.HAL_RCC_GetHCLKFreq
                0x08002c8c       0x34 ./Drivers/STM32U5xx_HAL_Driver/Src/stm32u5xx_hal_rcc.o
                0x08002c8c                HAL_RCC_GetHCLKFreq
 .text.HAL_RCC_GetPCLK1Freq
                0x08002cc0       0x28 ./Drivers/STM32U5xx_HAL_Driver/Src/stm32u5xx_hal_rcc.o
                0x08002cc0                HAL_RCC_GetPCLK1Freq
 .text.HAL_RCC_GetPCLK2Freq
                0x08002ce8       0x28 ./Drivers/STM32U5xx_HAL_Driver/Src/stm32u5xx_hal_rcc.o
                0x08002ce8                HAL_RCC_GetPCLK2Freq
 .text.HAL_RCC_GetPCLK3Freq
                0x08002d10       0x28 ./Drivers/STM32U5xx_HAL_Driver/Src/stm32u5xx_hal_rcc.o
                0x08002d10                HAL_RCC_GetPCLK3Freq
 .text.RCC_SetFlashLatencyFromMSIRange
                0x08002d38      0x10c ./Drivers/STM32U5xx_HAL_Driver/Src/stm32u5xx_hal_rcc.o
 .text.HAL_RCCEx_PeriphCLKConfig
                0x08002e44      0xb80 ./Drivers/STM32U5xx_HAL_Driver/Src/stm32u5xx_hal_rcc_ex.o
                0x08002e44                HAL_RCCEx_PeriphCLKConfig
 .text.HAL_RCCEx_GetPLL1ClockFreq
                0x080039c4      0x2b4 ./Drivers/STM32U5xx_HAL_Driver/Src/stm32u5xx_hal_rcc_ex.o
                0x080039c4                HAL_RCCEx_GetPLL1ClockFreq
 .text.HAL_RCCEx_GetPLL2ClockFreq
                0x08003c78      0x2b4 ./Drivers/STM32U5xx_HAL_Driver/Src/stm32u5xx_hal_rcc_ex.o
                0x08003c78                HAL_RCCEx_GetPLL2ClockFreq
 .text.HAL_RCCEx_GetPLL3ClockFreq
                0x08003f2c      0x2b4 ./Drivers/STM32U5xx_HAL_Driver/Src/stm32u5xx_hal_rcc_ex.o
                0x08003f2c                HAL_RCCEx_GetPLL3ClockFreq
 .text.HAL_RCCEx_GetPeriphCLKFreq
                0x080041e0     0x13c4 ./Drivers/STM32U5xx_HAL_Driver/Src/stm32u5xx_hal_rcc_ex.o
                0x080041e0                HAL_RCCEx_GetPeriphCLKFreq
 .text.RCCEx_PLL2_Config
                0x080055a4      0x130 ./Drivers/STM32U5xx_HAL_Driver/Src/stm32u5xx_hal_rcc_ex.o
 .text.RCCEx_PLL3_Config
                0x080056d4      0x130 ./Drivers/STM32U5xx_HAL_Driver/Src/stm32u5xx_hal_rcc_ex.o
 .text.HAL_SPI_Init
                0x08005804      0x22c ./Drivers/STM32U5xx_HAL_Driver/Src/stm32u5xx_hal_spi.o
                0x08005804                HAL_SPI_Init
 .text.HAL_SPI_TransmitReceive
                0x08005a30      0x4b4 ./Drivers/STM32U5xx_HAL_Driver/Src/stm32u5xx_hal_spi.o
                0x08005a30                HAL_SPI_TransmitReceive
 .text.SPI_CloseTransfer
                0x08005ee4      0x140 ./Drivers/STM32U5xx_HAL_Driver/Src/stm32u5xx_hal_spi.o
 .text.SPI_WaitOnFlagUntilTimeout
                0x08006024       0x5c ./Drivers/STM32U5xx_HAL_Driver/Src/stm32u5xx_hal_spi.o
 .text.SPI_GetPacketSize
                0x08006080       0x36 ./Drivers/STM32U5xx_HAL_Driver/Src/stm32u5xx_hal_spi.o
 .text.HAL_SPIEx_SetConfigAutonomousMode
                0x080060b6       0x82 ./Drivers/STM32U5xx_HAL_Driver/Src/stm32u5xx_hal_spi_ex.o
                0x080060b6                HAL_SPIEx_SetConfigAutonomousMode
 .text.HAL_UART_Init
                0x08006138       0xa0 ./Drivers/STM32U5xx_HAL_Driver/Src/stm32u5xx_hal_uart.o
                0x08006138                HAL_UART_Init
 .text.HAL_UART_Transmit
                0x080061d8      0x13c ./Drivers/STM32U5xx_HAL_Driver/Src/stm32u5xx_hal_uart.o
                0x080061d8                HAL_UART_Transmit
 .text.UART_SetConfig
                0x08006314      0x344 ./Drivers/STM32U5xx_HAL_Driver/Src/stm32u5xx_hal_uart.o
                0x08006314                UART_SetConfig
 .text.UART_AdvFeatureConfig
                0x08006658      0x144 ./Drivers/STM32U5xx_HAL_Driver/Src/stm32u5xx_hal_uart.o
                0x08006658                UART_AdvFeatureConfig
 .text.UART_CheckIdleState
                0x0800679c      0x154 ./Drivers/STM32U5xx_HAL_Driver/Src/stm32u5xx_hal_uart.o
                0x0800679c                UART_CheckIdleState
 .text.UART_WaitOnFlagUntilTimeout
                0x080068f0       0xda ./Drivers/STM32U5xx_HAL_Driver/Src/stm32u5xx_hal_uart.o
                0x080068f0                UART_WaitOnFlagUntilTimeout
 .text.UART_EndRxTransfer
                0x080069ca       0xcc ./Drivers/STM32U5xx_HAL_Driver/Src/stm32u5xx_hal_uart.o
 .text.HAL_UARTEx_DisableFifoMode
                0x08006a96       0x72 ./Drivers/STM32U5xx_HAL_Driver/Src/stm32u5xx_hal_uart_ex.o
                0x08006a96                HAL_UARTEx_DisableFifoMode
 .text.HAL_UARTEx_SetTxFifoThreshold
                0x08006b08       0x7c ./Drivers/STM32U5xx_HAL_Driver/Src/stm32u5xx_hal_uart_ex.o
                0x08006b08                HAL_UARTEx_SetTxFifoThreshold
 .text.HAL_UARTEx_SetRxFifoThreshold
                0x08006b84       0x7c ./Drivers/STM32U5xx_HAL_Driver/Src/stm32u5xx_hal_uart_ex.o
                0x08006b84                HAL_UARTEx_SetRxFifoThreshold
 .text.UARTEx_SetNbDataToProcess
                0x08006c00       0x9c ./Drivers/STM32U5xx_HAL_Driver/Src/stm32u5xx_hal_uart_ex.o
 .text.memset   0x08006c9c       0x10 /opt/st/stm32cubeide_1.15.1/plugins/com.st.stm32cube.ide.mcu.externaltools.gnu-tools-for-stm32.12.3.rel1.linux64_1.0.100.202403111256/tools/bin/../lib/gcc/arm-none-eabi/12.3.1/../../../../arm-none-eabi/lib/thumb/v8-m.main+fp/hard/libc_nano.a(libc_a-memset.o)
                0x08006c9c                memset
 .text.__libc_init_array
                0x08006cac       0x48 /opt/st/stm32cubeide_1.15.1/plugins/com.st.stm32cube.ide.mcu.externaltools.gnu-tools-for-stm32.12.3.rel1.linux64_1.0.100.202403111256/tools/bin/../lib/gcc/arm-none-eabi/12.3.1/../../../../arm-none-eabi/lib/thumb/v8-m.main+fp/hard/libc_nano.a(libc_a-init.o)
                0x08006cac                __libc_init_array
 *(.glue_7)
 .glue_7        0x08006cf4        0x0 linker stubs
 *(.glue_7t)
 .glue_7t       0x08006cf4        0x0 linker stubs
 *(.eh_frame)
 .eh_frame      0x08006cf4        0x0 /opt/st/stm32cubeide_1.15.1/plugins/com.st.stm32cube.ide.mcu.externaltools.gnu-tools-for-stm32.12.3.rel1.linux64_1.0.100.202403111256/tools/bin/../lib/gcc/arm-none-eabi/12.3.1/thumb/v8-m.main+fp/hard/crtbegin.o
 *(.init)
 .init          0x08006cf4        0x4 /opt/st/stm32cubeide_1.15.1/plugins/com.st.stm32cube.ide.mcu.externaltools.gnu-tools-for-stm32.12.3.rel1.linux64_1.0.100.202403111256/tools/bin/../lib/gcc/arm-none-eabi/12.3.1/thumb/v8-m.main+fp/hard/crti.o
                0x08006cf4                _init
 .init          0x08006cf8        0x8 /opt/st/stm32cubeide_1.15.1/plugins/com.st.stm32cube.ide.mcu.externaltools.gnu-tools-for-stm32.12.3.rel1.linux64_1.0.100.202403111256/tools/bin/../lib/gcc/arm-none-eabi/12.3.1/thumb/v8-m.main+fp/hard/crtn.o
 *(.fini)
 .fini          0x08006d00        0x4 /opt/st/stm32cubeide_1.15.1/plugins/com.st.stm32cube.ide.mcu.externaltools.gnu-tools-for-stm32.12.3.rel1.linux64_1.0.100.202403111256/tools/bin/../lib/gcc/arm-none-eabi/12.3.1/thumb/v8-m.main+fp/hard/crti.o
                0x08006d00                _fini
 .fini          0x08006d04        0x8 /opt/st/stm32cubeide_1.15.1/plugins/com.st.stm32cube.ide.mcu.externaltools.gnu-tools-for-stm32.12.3.rel1.linux64_1.0.100.202403111256/tools/bin/../lib/gcc/arm-none-eabi/12.3.1/thumb/v8-m.main+fp/hard/crtn.o
                0x08006d0c                        _etext = .

.vfp11_veneer   0x08006d0c        0x0
 .vfp11_veneer  0x08006d0c        0x0 linker stubs

.v4_bx          0x08006d0c        0x0
 .v4_bx         0x08006d0c        0x0 linker stubs

.iplt           0x08006d0c        0x0
 .iplt          0x08006d0c        0x0 /opt/st/stm32cubeide_1.15.1/plugins/com.st.stm32cube.ide.mcu.externaltools.gnu-tools-for-stm32.12.3.rel1.linux64_1.0.100.202403111256/tools/bin/../lib/gcc/arm-none-eabi/12.3.1/thumb/v8-m.main+fp/hard/crtbegin.o

.rodata         0x08006d0c      0x100
 *(.rodata)
 *(.rodata*)
 .rodata.AHBPrescTable
                0x08006d0c       0x10 ./Core/Src/system_stm32u5xx.o
                0x08006d0c                AHBPrescTable
 .rodata.APBPrescTable
                0x08006d1c        0x8 ./Core/Src/system_stm32u5xx.o
                0x08006d1c                APBPrescTable
 .rodata.MSIRangeTable
                0x08006d24       0x40 ./Core/Src/system_stm32u5xx.o
                0x08006d24                MSIRangeTable
 .rodata.LPGPIO_Map
                0x08006d64       0x80 ./Drivers/STM32U5xx_HAL_Driver/Src/stm32u5xx_hal_gpio.o
 .rodata.UARTPrescTable
                0x08006de4       0x18 ./Drivers/STM32U5xx_HAL_Driver/Src/stm32u5xx_hal_uart.o
                0x08006de4                UARTPrescTable
 .rodata.numerator.1
                0x08006dfc        0x8 ./Drivers/STM32U5xx_HAL_Driver/Src/stm32u5xx_hal_uart_ex.o
 .rodata.denominator.0
                0x08006e04        0x8 ./Drivers/STM32U5xx_HAL_Driver/Src/stm32u5xx_hal_uart_ex.o

.ARM.extab
 *(.ARM.extab* .gnu.linkonce.armextab.*)

.ARM            0x08006e0c        0x8
                0x08006e0c                        __exidx_start = .
 *(.ARM.exidx*)
 .ARM.exidx     0x08006e0c        0x8 /opt/st/stm32cubeide_1.15.1/plugins/com.st.stm32cube.ide.mcu.externaltools.gnu-tools-for-stm32.12.3.rel1.linux64_1.0.100.202403111256/tools/bin/../lib/gcc/arm-none-eabi/12.3.1/thumb/v8-m.main+fp/hard/libgcc.a(_udivmoddi4.o)
                0x08006e14                        __exidx_end = .

.preinit_array  0x08006e14        0x0
                0x08006e14                        PROVIDE (__preinit_array_start = .)
 *(.preinit_array*)
                0x08006e14                        PROVIDE (__preinit_array_end = .)

.init_array     0x08006e14        0x4
                0x08006e14                        PROVIDE (__init_array_start = .)
 *(SORT_BY_NAME(.init_array.*))
 *(.init_array*)
 .init_array    0x08006e14        0x4 /opt/st/stm32cubeide_1.15.1/plugins/com.st.stm32cube.ide.mcu.externaltools.gnu-tools-for-stm32.12.3.rel1.linux64_1.0.100.202403111256/tools/bin/../lib/gcc/arm-none-eabi/12.3.1/thumb/v8-m.main+fp/hard/crtbegin.o
                0x08006e18                        PROVIDE (__init_array_end = .)

.fini_array     0x08006e18        0x4
                [!provide]                        PROVIDE (__fini_array_start = .)
 *(SORT_BY_NAME(.fini_array.*))
 *(.fini_array*)
 .fini_array    0x08006e18        0x4 /opt/st/stm32cubeide_1.15.1/plugins/com.st.stm32cube.ide.mcu.externaltools.gnu-tools-for-stm32.12.3.rel1.linux64_1.0.100.202403111256/tools/bin/../lib/gcc/arm-none-eabi/12.3.1/thumb/v8-m.main+fp/hard/crtbegin.o
                [!provide]                        PROVIDE (__fini_array_end = .)
                0x08006e1c                        _sidata = LOADADDR (.data)

.rel.dyn        0x08006e1c        0x0
 .rel.iplt      0x08006e1c        0x0 /opt/st/stm32cubeide_1.15.1/plugins/com.st.stm32cube.ide.mcu.externaltools.gnu-tools-for-stm32.12.3.rel1.linux64_1.0.100.202403111256/tools/bin/../lib/gcc/arm-none-eabi/12.3.1/thumb/v8-m.main+fp/hard/crtbegin.o

.data           0x20000000        0x9 load address 0x08006e1c
                0x20000000                        _sdata = .
 *(.data)
 *(.data*)
 .data.SystemCoreClock
                0x20000000        0x4 ./Core/Src/system_stm32u5xx.o
                0x20000000                SystemCoreClock
 .data.uwTickPrio
                0x20000004        0x4 ./Drivers/STM32U5xx_HAL_Driver/Src/stm32u5xx_hal.o
                0x20000004                uwTickPrio
 .data.uwTickFreq
                0x20000008        0x1 ./Drivers/STM32U5xx_HAL_Driver/Src/stm32u5xx_hal.o
                0x20000008                uwTickFreq
 *(.RamFunc)
 *(.RamFunc*)
                0x20000009                        _edata = .

.igot.plt       0x2000000c        0x0 load address 0x08006e25
 .igot.plt      0x2000000c        0x0 /opt/st/stm32cubeide_1.15.1/plugins/com.st.stm32cube.ide.mcu.externaltools.gnu-tools-for-stm32.12.3.rel1.linux64_1.0.100.202403111256/tools/bin/../lib/gcc/arm-none-eabi/12.3.1/thumb/v8-m.main+fp/hard/crtbegin.o

.bss            0x2000000c      0x568 load address 0x08006e25
                0x2000000c                        _sbss = .
                0x2000000c                        __bss_start__ = _sbss
 *(.bss)
 .bss           0x2000000c       0x1c /opt/st/stm32cubeide_1.15.1/plugins/com.st.stm32cube.ide.mcu.externaltools.gnu-tools-for-stm32.12.3.rel1.linux64_1.0.100.202403111256/tools/bin/../lib/gcc/arm-none-eabi/12.3.1/thumb/v8-m.main+fp/hard/crtbegin.o
 *(.bss*)
 .bss.sFrameRx  0x20000028      0x218 ./Core/Src/Data.o
                0x20000028                sFrameRx
 .bss.hspi1     0x20000240       0x90 ./Core/Src/main.o
                0x20000240                hspi1
 .bss.huart3    0x200002d0       0x94 ./Core/Src/main.o
                0x200002d0                huart3
 .bss.spi_data  0x20000364      0x100 ./Core/Src/main.o
                0x20000364                spi_data
 .bss.Header    0x20000464        0x6 ./Core/Src/main.o
                0x20000464                Header
 *fill*         0x2000046a        0x2 
 .bss.uart_data
                0x2000046c      0x100 ./Core/Src/main.o
                0x2000046c                uart_data
 .bss.checkCRC16_header
                0x2000056c        0x2 ./Core/Src/main.o
                0x2000056c                checkCRC16_header
 *fill*         0x2000056e        0x2 
 .bss.uwTick    0x20000570        0x4 ./Drivers/STM32U5xx_HAL_Driver/Src/stm32u5xx_hal.o
                0x20000570                uwTick
 *(COMMON)
                0x20000574                        _ebss = .
                0x20000574                        __bss_end__ = _ebss

._user_heap_stack
                0x20000574      0x604 load address 0x08006e25
                0x20000578                        . = ALIGN (0x8)
 *fill*         0x20000574        0x4 
                [!provide]                        PROVIDE (end = .)
                0x20000578                        PROVIDE (_end = .)
                0x20000778                        . = (. + _Min_Heap_Size)
 *fill*         0x20000578      0x200 
                0x20000b78                        . = (. + _Min_Stack_Size)
 *fill*         0x20000778      0x400 
                0x20000b78                        . = ALIGN (0x8)

/DISCARD/
 libc.a(*)
 libm.a(*)
 libgcc.a(*)

.ARM.attributes
                0x00000000       0x36
 *(.ARM.attributes)
 .ARM.attributes
                0x00000000       0x26 /opt/st/stm32cubeide_1.15.1/plugins/com.st.stm32cube.ide.mcu.externaltools.gnu-tools-for-stm32.12.3.rel1.linux64_1.0.100.202403111256/tools/bin/../lib/gcc/arm-none-eabi/12.3.1/thumb/v8-m.main+fp/hard/crti.o
 .ARM.attributes
                0x00000026       0x38 /opt/st/stm32cubeide_1.15.1/plugins/com.st.stm32cube.ide.mcu.externaltools.gnu-tools-for-stm32.12.3.rel1.linux64_1.0.100.202403111256/tools/bin/../lib/gcc/arm-none-eabi/12.3.1/thumb/v8-m.main+fp/hard/crtbegin.o
 .ARM.attributes
                0x0000005e       0x3a ./Core/Src/Data.o
 .ARM.attributes
                0x00000098       0x3a ./Core/Src/crc.o
 .ARM.attributes
                0x000000d2       0x3a ./Core/Src/main.o
 .ARM.attributes
                0x0000010c       0x3a ./Core/Src/stm32u5xx_hal_msp.o
 .ARM.attributes
                0x00000146       0x3a ./Core/Src/stm32u5xx_it.o
 .ARM.attributes
                0x00000180       0x3a ./Core/Src/system_stm32u5xx.o
 .ARM.attributes
                0x000001ba       0x24 ./Core/Startup/startup_stm32u585aiixq.o
 .ARM.attributes
                0x000001de       0x3a ./Drivers/STM32U5xx_HAL_Driver/Src/stm32u5xx_hal.o
 .ARM.attributes
                0x00000218       0x3a ./Drivers/STM32U5xx_HAL_Driver/Src/stm32u5xx_hal_cortex.o
 .ARM.attributes
                0x00000252       0x3a ./Drivers/STM32U5xx_HAL_Driver/Src/stm32u5xx_hal_gpio.o
 .ARM.attributes
                0x0000028c       0x3a ./Drivers/STM32U5xx_HAL_Driver/Src/stm32u5xx_hal_pwr_ex.o
 .ARM.attributes
                0x000002c6       0x3a ./Drivers/STM32U5xx_HAL_Driver/Src/stm32u5xx_hal_rcc.o
 .ARM.attributes
                0x00000300       0x3a ./Drivers/STM32U5xx_HAL_Driver/Src/stm32u5xx_hal_rcc_ex.o
 .ARM.attributes
                0x0000033a       0x3a ./Drivers/STM32U5xx_HAL_Driver/Src/stm32u5xx_hal_spi.o
 .ARM.attributes
                0x00000374       0x3a ./Drivers/STM32U5xx_HAL_Driver/Src/stm32u5xx_hal_spi_ex.o
 .ARM.attributes
                0x000003ae       0x3a ./Drivers/STM32U5xx_HAL_Driver/Src/stm32u5xx_hal_uart.o
 .ARM.attributes
                0x000003e8       0x3a ./Drivers/STM32U5xx_HAL_Driver/Src/stm32u5xx_hal_uart_ex.o
 .ARM.attributes
                0x00000422       0x38 /opt/st/stm32cubeide_1.15.1/plugins/com.st.stm32cube.ide.mcu.externaltools.gnu-tools-for-stm32.12.3.rel1.linux64_1.0.100.202403111256/tools/bin/../lib/gcc/arm-none-eabi/12.3.1/../../../../arm-none-eabi/lib/thumb/v8-m.main+fp/hard/libc_nano.a(libc_a-memset.o)
 .ARM.attributes
                0x0000045a       0x38 /opt/st/stm32cubeide_1.15.1/plugins/com.st.stm32cube.ide.mcu.externaltools.gnu-tools-for-stm32.12.3.rel1.linux64_1.0.100.202403111256/tools/bin/../lib/gcc/arm-none-eabi/12.3.1/../../../../arm-none-eabi/lib/thumb/v8-m.main+fp/hard/libc_nano.a(libc_a-init.o)
 .ARM.attributes
                0x00000492       0x26 /opt/st/stm32cubeide_1.15.1/plugins/com.st.stm32cube.ide.mcu.externaltools.gnu-tools-for-stm32.12.3.rel1.linux64_1.0.100.202403111256/tools/bin/../lib/gcc/arm-none-eabi/12.3.1/thumb/v8-m.main+fp/hard/libgcc.a(_aeabi_uldivmod.o)
 .ARM.attributes
                0x000004b8       0x38 /opt/st/stm32cubeide_1.15.1/plugins/com.st.stm32cube.ide.mcu.externaltools.gnu-tools-for-stm32.12.3.rel1.linux64_1.0.100.202403111256/tools/bin/../lib/gcc/arm-none-eabi/12.3.1/thumb/v8-m.main+fp/hard/libgcc.a(_udivmoddi4.o)
 .ARM.attributes
                0x000004f0       0x26 /opt/st/stm32cubeide_1.15.1/plugins/com.st.stm32cube.ide.mcu.externaltools.gnu-tools-for-stm32.12.3.rel1.linux64_1.0.100.202403111256/tools/bin/../lib/gcc/arm-none-eabi/12.3.1/thumb/v8-m.main+fp/hard/libgcc.a(_dvmd_tls.o)
 .ARM.attributes
                0x00000516       0x26 /opt/st/stm32cubeide_1.15.1/plugins/com.st.stm32cube.ide.mcu.externaltools.gnu-tools-for-stm32.12.3.rel1.linux64_1.0.100.202403111256/tools/bin/../lib/gcc/arm-none-eabi/12.3.1/thumb/v8-m.main+fp/hard/crtn.o
OUTPUT(SpiToUart.elf elf32-littlearm)
LOAD linker stubs
LOAD /opt/st/stm32cubeide_1.15.1/plugins/com.st.stm32cube.ide.mcu.externaltools.gnu-tools-for-stm32.12.3.rel1.linux64_1.0.100.202403111256/tools/bin/../lib/gcc/arm-none-eabi/12.3.1/../../../../arm-none-eabi/lib/thumb/v8-m.main+fp/hard/libc.a
LOAD /opt/st/stm32cubeide_1.15.1/plugins/com.st.stm32cube.ide.mcu.externaltools.gnu-tools-for-stm32.12.3.rel1.linux64_1.0.100.202403111256/tools/bin/../lib/gcc/arm-none-eabi/12.3.1/../../../../arm-none-eabi/lib/thumb/v8-m.main+fp/hard/libm.a
LOAD /opt/st/stm32cubeide_1.15.1/plugins/com.st.stm32cube.ide.mcu.externaltools.gnu-tools-for-stm32.12.3.rel1.linux64_1.0.100.202403111256/tools/bin/../lib/gcc/arm-none-eabi/12.3.1/thumb/v8-m.main+fp/hard/libgcc.a

.debug_info     0x00000000    0x114c7
 .debug_info    0x00000000      0x1aa ./Core/Src/Data.o
 .debug_info    0x000001aa      0x166 ./Core/Src/crc.o
 .debug_info    0x00000310     0x18be ./Core/Src/main.o
 .debug_info    0x00001bce     0x15e2 ./Core/Src/stm32u5xx_hal_msp.o
 .debug_info    0x000031b0      0x128 ./Core/Src/stm32u5xx_it.o
 .debug_info    0x000032d8      0x929 ./Core/Src/system_stm32u5xx.o
 .debug_info    0x00003c01       0x30 ./Core/Startup/startup_stm32u585aiixq.o
 .debug_info    0x00003c31     0x11fb ./Drivers/STM32U5xx_HAL_Driver/Src/stm32u5xx_hal.o
 .debug_info    0x00004e2c     0x1658 ./Drivers/STM32U5xx_HAL_Driver/Src/stm32u5xx_hal_cortex.o
 .debug_info    0x00006484      0x859 ./Drivers/STM32U5xx_HAL_Driver/Src/stm32u5xx_hal_gpio.o
 .debug_info    0x00006cdd      0xe3e ./Drivers/STM32U5xx_HAL_Driver/Src/stm32u5xx_hal_pwr_ex.o
 .debug_info    0x00007b1b     0x11f0 ./Drivers/STM32U5xx_HAL_Driver/Src/stm32u5xx_hal_rcc.o
 .debug_info    0x00008d0b     0x158b ./Drivers/STM32U5xx_HAL_Driver/Src/stm32u5xx_hal_rcc_ex.o
 .debug_info    0x0000a296     0x1581 ./Drivers/STM32U5xx_HAL_Driver/Src/stm32u5xx_hal_spi.o
 .debug_info    0x0000b817      0xa97 ./Drivers/STM32U5xx_HAL_Driver/Src/stm32u5xx_hal_spi_ex.o
 .debug_info    0x0000c2ae     0x4029 ./Drivers/STM32U5xx_HAL_Driver/Src/stm32u5xx_hal_uart.o
 .debug_info    0x000102d7     0x11f0 ./Drivers/STM32U5xx_HAL_Driver/Src/stm32u5xx_hal_uart_ex.o

.debug_abbrev   0x00000000     0x21d6
 .debug_abbrev  0x00000000       0xae ./Core/Src/Data.o
 .debug_abbrev  0x000000ae       0xba ./Core/Src/crc.o
 .debug_abbrev  0x00000168      0x323 ./Core/Src/main.o
 .debug_abbrev  0x0000048b      0x1f6 ./Core/Src/stm32u5xx_hal_msp.o
 .debug_abbrev  0x00000681       0x73 ./Core/Src/stm32u5xx_it.o
 .debug_abbrev  0x000006f4      0x129 ./Core/Src/system_stm32u5xx.o
 .debug_abbrev  0x0000081d       0x24 ./Core/Startup/startup_stm32u585aiixq.o
 .debug_abbrev  0x00000841      0x2ba ./Drivers/STM32U5xx_HAL_Driver/Src/stm32u5xx_hal.o
 .debug_abbrev  0x00000afb      0x311 ./Drivers/STM32U5xx_HAL_Driver/Src/stm32u5xx_hal_cortex.o
 .debug_abbrev  0x00000e0c      0x25a ./Drivers/STM32U5xx_HAL_Driver/Src/stm32u5xx_hal_gpio.o
 .debug_abbrev  0x00001066      0x215 ./Drivers/STM32U5xx_HAL_Driver/Src/stm32u5xx_hal_pwr_ex.o
 .debug_abbrev  0x0000127b      0x2cb ./Drivers/STM32U5xx_HAL_Driver/Src/stm32u5xx_hal_rcc.o
 .debug_abbrev  0x00001546      0x23d ./Drivers/STM32U5xx_HAL_Driver/Src/stm32u5xx_hal_rcc_ex.o
 .debug_abbrev  0x00001783      0x2b3 ./Drivers/STM32U5xx_HAL_Driver/Src/stm32u5xx_hal_spi.o
 .debug_abbrev  0x00001a36      0x1c7 ./Drivers/STM32U5xx_HAL_Driver/Src/stm32u5xx_hal_spi_ex.o
 .debug_abbrev  0x00001bfd      0x305 ./Drivers/STM32U5xx_HAL_Driver/Src/stm32u5xx_hal_uart.o
 .debug_abbrev  0x00001f02      0x2d4 ./Drivers/STM32U5xx_HAL_Driver/Src/stm32u5xx_hal_uart_ex.o

.debug_aranges  0x00000000      0xd80
 .debug_aranges
                0x00000000       0x18 ./Core/Src/Data.o
 .debug_aranges
                0x00000018       0x28 ./Core/Src/crc.o
 .debug_aranges
                0x00000040       0x58 ./Core/Src/main.o
 .debug_aranges
                0x00000098       0x40 ./Core/Src/stm32u5xx_hal_msp.o
 .debug_aranges
                0x000000d8       0x60 ./Core/Src/stm32u5xx_it.o
 .debug_aranges
                0x00000138       0x28 ./Core/Src/system_stm32u5xx.o
 .debug_aranges
                0x00000160       0x28 ./Core/Startup/startup_stm32u585aiixq.o
 .debug_aranges
                0x00000188      0x148 ./Drivers/STM32U5xx_HAL_Driver/Src/stm32u5xx_hal.o
 .debug_aranges
                0x000002d0      0x140 ./Drivers/STM32U5xx_HAL_Driver/Src/stm32u5xx_hal_cortex.o
 .debug_aranges
                0x00000410       0x78 ./Drivers/STM32U5xx_HAL_Driver/Src/stm32u5xx_hal_gpio.o
 .debug_aranges
                0x00000488      0x200 ./Drivers/STM32U5xx_HAL_Driver/Src/stm32u5xx_hal_pwr_ex.o
 .debug_aranges
                0x00000688       0xa8 ./Drivers/STM32U5xx_HAL_Driver/Src/stm32u5xx_hal_rcc.o
 .debug_aranges
                0x00000730      0x160 ./Drivers/STM32U5xx_HAL_Driver/Src/stm32u5xx_hal_rcc_ex.o
 .debug_aranges
                0x00000890      0x1a8 ./Drivers/STM32U5xx_HAL_Driver/Src/stm32u5xx_hal_spi.o
 .debug_aranges
                0x00000a38       0x48 ./Drivers/STM32U5xx_HAL_Driver/Src/stm32u5xx_hal_spi_ex.o
 .debug_aranges
                0x00000a80      0x248 ./Drivers/STM32U5xx_HAL_Driver/Src/stm32u5xx_hal_uart.o
 .debug_aranges
                0x00000cc8       0xb8 ./Drivers/STM32U5xx_HAL_Driver/Src/stm32u5xx_hal_uart_ex.o

.debug_macro    0x00000000    0x32efc
 .debug_macro   0x00000000      0x1ac ./Core/Src/Data.o
 .debug_macro   0x000001ac      0xaba ./Core/Src/Data.o
 .debug_macro   0x00000c66       0x22 ./Core/Src/Data.o
 .debug_macro   0x00000c88       0x5b ./Core/Src/Data.o
 .debug_macro   0x00000ce3       0x2a ./Core/Src/Data.o
 .debug_macro   0x00000d0d       0x94 ./Core/Src/Data.o
 .debug_macro   0x00000da1       0x43 ./Core/Src/Data.o
 .debug_macro   0x00000de4       0x34 ./Core/Src/Data.o
 .debug_macro   0x00000e18      0x189 ./Core/Src/Data.o
 .debug_macro   0x00000fa1       0x16 ./Core/Src/Data.o
 .debug_macro   0x00000fb7       0x43 ./Core/Src/Data.o
 .debug_macro   0x00000ffa       0x57 ./Core/Src/Data.o
 .debug_macro   0x00001051       0x34 ./Core/Src/Data.o
 .debug_macro   0x00001085       0x10 ./Core/Src/Data.o
 .debug_macro   0x00001095       0x58 ./Core/Src/Data.o
 .debug_macro   0x000010ed       0x8e ./Core/Src/Data.o
 .debug_macro   0x0000117b       0x1c ./Core/Src/Data.o
 .debug_macro   0x00001197      0x177 ./Core/Src/Data.o
 .debug_macro   0x0000130e      0x369 ./Core/Src/Data.o
 .debug_macro   0x00001677       0x10 ./Core/Src/Data.o
 .debug_macro   0x00001687       0x35 ./Core/Src/Data.o
 .debug_macro   0x000016bc       0x20 ./Core/Src/Data.o
 .debug_macro   0x000016dc       0x1c ./Core/Src/Data.o
 .debug_macro   0x000016f8       0x10 ./Core/Src/Data.o
 .debug_macro   0x00001708       0x1c ./Core/Src/Data.o
 .debug_macro   0x00001724       0x16 ./Core/Src/Data.o
 .debug_macro   0x0000173a      0x146 ./Core/Src/Data.o
 .debug_macro   0x00001880      0x103 ./Core/Src/Data.o
 .debug_macro   0x00001983       0x6a ./Core/Src/Data.o
 .debug_macro   0x000019ed      0x1df ./Core/Src/Data.o
 .debug_macro   0x00001bcc       0x16 ./Core/Src/Data.o
 .debug_macro   0x00001be2       0x16 ./Core/Src/Data.o
 .debug_macro   0x00001bf8       0x29 ./Core/Src/Data.o
 .debug_macro   0x00001c21      0x19e ./Core/Src/crc.o
 .debug_macro   0x00001dbf       0x16 ./Core/Src/crc.o
 .debug_macro   0x00001dd5       0x9e ./Core/Src/crc.o
 .debug_macro   0x00001e73      0x10b ./Core/Src/crc.o
 .debug_macro   0x00001f7e       0x16 ./Core/Src/crc.o
 .debug_macro   0x00001f94       0x16 ./Core/Src/crc.o
 .debug_macro   0x00001faa      0x341 ./Core/Src/main.o
 .debug_macro   0x000022eb      0x1e6 ./Core/Src/main.o
 .debug_macro   0x000024d1       0x2e ./Core/Src/main.o
 .debug_macro   0x000024ff       0x42 ./Core/Src/main.o
 .debug_macro   0x00002541       0x8e ./Core/Src/main.o
 .debug_macro   0x000025cf       0x51 ./Core/Src/main.o
 .debug_macro   0x00002620       0x1c ./Core/Src/main.o
 .debug_macro   0x0000263c       0x29 ./Core/Src/main.o
 .debug_macro   0x00002665       0xfb ./Core/Src/main.o
 .debug_macro   0x00002760     0x1685 ./Core/Src/main.o
 .debug_macro   0x00003de5       0x5e ./Core/Src/main.o
 .debug_macro   0x00003e43    0x23951 ./Core/Src/main.o
 .debug_macro   0x00027794       0x6d ./Core/Src/main.o
 .debug_macro   0x00027801     0x3873 ./Core/Src/main.o
 .debug_macro   0x0002b074       0x61 ./Core/Src/main.o
 .debug_macro   0x0002b0d5      0x19b ./Core/Src/main.o
 .debug_macro   0x0002b270       0x5d ./Core/Src/main.o
 .debug_macro   0x0002b2cd     0x1bfd ./Core/Src/main.o
 .debug_macro   0x0002ceca      0x7ff ./Core/Src/main.o
 .debug_macro   0x0002d6c9      0x166 ./Core/Src/main.o
 .debug_macro   0x0002d82f      0x2aa ./Core/Src/main.o
 .debug_macro   0x0002dad9      0x5a5 ./Core/Src/main.o
 .debug_macro   0x0002e07e      0x439 ./Core/Src/main.o
 .debug_macro   0x0002e4b7       0xd6 ./Core/Src/main.o
 .debug_macro   0x0002e58d      0x1cd ./Core/Src/main.o
 .debug_macro   0x0002e75a      0x432 ./Core/Src/main.o
 .debug_macro   0x0002eb8c       0x95 ./Core/Src/main.o
 .debug_macro   0x0002ec21      0x11c ./Core/Src/main.o
 .debug_macro   0x0002ed3d      0x525 ./Core/Src/main.o
 .debug_macro   0x0002f262      0x4bf ./Core/Src/main.o
 .debug_macro   0x0002f721      0x5cf ./Core/Src/main.o
 .debug_macro   0x0002fcf0       0xee ./Core/Src/main.o
 .debug_macro   0x0002fdde       0xd6 ./Core/Src/main.o
 .debug_macro   0x0002feb4      0x677 ./Core/Src/main.o
 .debug_macro   0x0003052b      0x1a1 ./Core/Src/main.o
 .debug_macro   0x000306cc      0x1c0 ./Core/Src/main.o
 .debug_macro   0x0003088c      0x361 ./Core/Src/main.o
 .debug_macro   0x00030bed       0x1c ./Core/Src/main.o
 .debug_macro   0x00030c09      0x281 ./Core/Src/stm32u5xx_hal_msp.o
 .debug_macro   0x00030e8a      0x28b ./Core/Src/stm32u5xx_it.o
 .debug_macro   0x00031115      0x279 ./Core/Src/system_stm32u5xx.o
 .debug_macro   0x0003138e      0x296 ./Drivers/STM32U5xx_HAL_Driver/Src/stm32u5xx_hal.o
 .debug_macro   0x00031624      0x272 ./Drivers/STM32U5xx_HAL_Driver/Src/stm32u5xx_hal_cortex.o
 .debug_macro   0x00031896      0x2a7 ./Drivers/STM32U5xx_HAL_Driver/Src/stm32u5xx_hal_gpio.o
 .debug_macro   0x00031b3d      0x29d ./Drivers/STM32U5xx_HAL_Driver/Src/stm32u5xx_hal_pwr_ex.o
 .debug_macro   0x00031dda      0x378 ./Drivers/STM32U5xx_HAL_Driver/Src/stm32u5xx_hal_rcc.o
 .debug_macro   0x00032152      0x3a3 ./Drivers/STM32U5xx_HAL_Driver/Src/stm32u5xx_hal_rcc_ex.o
 .debug_macro   0x000324f5      0x27a ./Drivers/STM32U5xx_HAL_Driver/Src/stm32u5xx_hal_spi.o
 .debug_macro   0x0003276f      0x272 ./Drivers/STM32U5xx_HAL_Driver/Src/stm32u5xx_hal_spi_ex.o
 .debug_macro   0x000329e1      0x29d ./Drivers/STM32U5xx_HAL_Driver/Src/stm32u5xx_hal_uart.o
 .debug_macro   0x00032c7e      0x27e ./Drivers/STM32U5xx_HAL_Driver/Src/stm32u5xx_hal_uart_ex.o

.debug_line     0x00000000    0x11639
 .debug_line    0x00000000      0x507 ./Core/Src/Data.o
 .debug_line    0x00000507      0x58a ./Core/Src/crc.o
 .debug_line    0x00000a91      0xb8e ./Core/Src/main.o
 .debug_line    0x0000161f      0x878 ./Core/Src/stm32u5xx_hal_msp.o
 .debug_line    0x00001e97      0x87c ./Core/Src/stm32u5xx_it.o
 .debug_line    0x00002713      0x8bb ./Core/Src/system_stm32u5xx.o
 .debug_line    0x00002fce       0x77 ./Core/Startup/startup_stm32u585aiixq.o
 .debug_line    0x00003045      0xc38 ./Drivers/STM32U5xx_HAL_Driver/Src/stm32u5xx_hal.o
 .debug_line    0x00003c7d      0xe2a ./Drivers/STM32U5xx_HAL_Driver/Src/stm32u5xx_hal_cortex.o
 .debug_line    0x00004aa7      0xd49 ./Drivers/STM32U5xx_HAL_Driver/Src/stm32u5xx_hal_gpio.o
 .debug_line    0x000057f0     0x1145 ./Drivers/STM32U5xx_HAL_Driver/Src/stm32u5xx_hal_pwr_ex.o
 .debug_line    0x00006935     0x14e3 ./Drivers/STM32U5xx_HAL_Driver/Src/stm32u5xx_hal_rcc.o
 .debug_line    0x00007e18     0x22ae ./Drivers/STM32U5xx_HAL_Driver/Src/stm32u5xx_hal_rcc_ex.o
 .debug_line    0x0000a0c6     0x2346 ./Drivers/STM32U5xx_HAL_Driver/Src/stm32u5xx_hal_spi.o
 .debug_line    0x0000c40c      0x9dc ./Drivers/STM32U5xx_HAL_Driver/Src/stm32u5xx_hal_spi_ex.o
 .debug_line    0x0000cde8     0x3923 ./Drivers/STM32U5xx_HAL_Driver/Src/stm32u5xx_hal_uart.o
 .debug_line    0x0001070b      0xf2e ./Drivers/STM32U5xx_HAL_Driver/Src/stm32u5xx_hal_uart_ex.o

.debug_str      0x00000000   0x13dd98
 .debug_str     0x00000000     0x77e3 ./Core/Src/Data.o
                               0x79ef (size before relaxing)
 .debug_str     0x000077e3       0x38 ./Core/Src/crc.o
                               0x7963 (size before relaxing)
 .debug_str     0x0000781b   0x12f529 ./Core/Src/main.o
                             0x13791d (size before relaxing)
 .debug_str     0x00136d44      0x3d4 ./Core/Src/stm32u5xx_hal_msp.o
                             0x13706b (size before relaxing)
 .debug_str     0x00137118       0xc9 ./Core/Src/stm32u5xx_it.o
                             0x13619a (size before relaxing)
 .debug_str     0x001371e1      0x1c9 ./Core/Src/system_stm32u5xx.o
                             0x13649d (size before relaxing)
 .debug_str     0x001373aa       0x45 ./Core/Startup/startup_stm32u585aiixq.o
                                 0x88 (size before relaxing)
 .debug_str     0x001373ef      0xef8 ./Drivers/STM32U5xx_HAL_Driver/Src/stm32u5xx_hal.o
                             0x137350 (size before relaxing)
 .debug_str     0x001382e7      0x40e ./Drivers/STM32U5xx_HAL_Driver/Src/stm32u5xx_hal_cortex.o
                             0x137118 (size before relaxing)
 .debug_str     0x001386f5      0x2eb ./Drivers/STM32U5xx_HAL_Driver/Src/stm32u5xx_hal_gpio.o
                             0x1364c2 (size before relaxing)
 .debug_str     0x001389e0      0x83f ./Drivers/STM32U5xx_HAL_Driver/Src/stm32u5xx_hal_pwr_ex.o
                             0x136bdd (size before relaxing)
 .debug_str     0x0013921f     0x1301 ./Drivers/STM32U5xx_HAL_Driver/Src/stm32u5xx_hal_rcc.o
                             0x137b92 (size before relaxing)
 .debug_str     0x0013a520     0x25fa ./Drivers/STM32U5xx_HAL_Driver/Src/stm32u5xx_hal_rcc_ex.o
                             0x138e85 (size before relaxing)
 .debug_str     0x0013cb1a      0x567 ./Drivers/STM32U5xx_HAL_Driver/Src/stm32u5xx_hal_spi.o
                             0x136d6f (size before relaxing)
 .debug_str     0x0013d081       0xee ./Drivers/STM32U5xx_HAL_Driver/Src/stm32u5xx_hal_spi_ex.o
                             0x136901 (size before relaxing)
 .debug_str     0x0013d16f      0x916 ./Drivers/STM32U5xx_HAL_Driver/Src/stm32u5xx_hal_uart.o
                             0x137164 (size before relaxing)
 .debug_str     0x0013da85      0x313 ./Drivers/STM32U5xx_HAL_Driver/Src/stm32u5xx_hal_uart_ex.o
                             0x136c16 (size before relaxing)

.comment        0x00000000       0x43
 .comment       0x00000000       0x43 ./Core/Src/Data.o
                                 0x44 (size before relaxing)
 .comment       0x00000043       0x44 ./Core/Src/crc.o
 .comment       0x00000043       0x44 ./Core/Src/main.o
 .comment       0x00000043       0x44 ./Core/Src/stm32u5xx_hal_msp.o
 .comment       0x00000043       0x44 ./Core/Src/stm32u5xx_it.o
 .comment       0x00000043       0x44 ./Core/Src/system_stm32u5xx.o
 .comment       0x00000043       0x44 ./Drivers/STM32U5xx_HAL_Driver/Src/stm32u5xx_hal.o
 .comment       0x00000043       0x44 ./Drivers/STM32U5xx_HAL_Driver/Src/stm32u5xx_hal_cortex.o
 .comment       0x00000043       0x44 ./Drivers/STM32U5xx_HAL_Driver/Src/stm32u5xx_hal_gpio.o
 .comment       0x00000043       0x44 ./Drivers/STM32U5xx_HAL_Driver/Src/stm32u5xx_hal_pwr_ex.o
 .comment       0x00000043       0x44 ./Drivers/STM32U5xx_HAL_Driver/Src/stm32u5xx_hal_rcc.o
 .comment       0x00000043       0x44 ./Drivers/STM32U5xx_HAL_Driver/Src/stm32u5xx_hal_rcc_ex.o
 .comment       0x00000043       0x44 ./Drivers/STM32U5xx_HAL_Driver/Src/stm32u5xx_hal_spi.o
 .comment       0x00000043       0x44 ./Drivers/STM32U5xx_HAL_Driver/Src/stm32u5xx_hal_spi_ex.o
 .comment       0x00000043       0x44 ./Drivers/STM32U5xx_HAL_Driver/Src/stm32u5xx_hal_uart.o
 .comment       0x00000043       0x44 ./Drivers/STM32U5xx_HAL_Driver/Src/stm32u5xx_hal_uart_ex.o

.debug_rnglists
                0x00000000      0xa55
 .debug_rnglists
                0x00000000       0x1a ./Core/Src/crc.o
 .debug_rnglists
                0x0000001a       0x43 ./Core/Src/main.o
 .debug_rnglists
                0x0000005d       0x2d ./Core/Src/stm32u5xx_hal_msp.o
 .debug_rnglists
                0x0000008a       0x43 ./Core/Src/stm32u5xx_it.o
 .debug_rnglists
                0x000000cd       0x1a ./Core/Src/system_stm32u5xx.o
 .debug_rnglists
                0x000000e7       0x19 ./Core/Startup/startup_stm32u585aiixq.o
 .debug_rnglists
                0x00000100       0xf3 ./Drivers/STM32U5xx_HAL_Driver/Src/stm32u5xx_hal.o
 .debug_rnglists
                0x000001f3       0xec ./Drivers/STM32U5xx_HAL_Driver/Src/stm32u5xx_hal_cortex.o
 .debug_rnglists
                0x000002df       0x5a ./Drivers/STM32U5xx_HAL_Driver/Src/stm32u5xx_hal_gpio.o
 .debug_rnglists
                0x00000339      0x186 ./Drivers/STM32U5xx_HAL_Driver/Src/stm32u5xx_hal_pwr_ex.o
 .debug_rnglists
                0x000004bf       0x7f ./Drivers/STM32U5xx_HAL_Driver/Src/stm32u5xx_hal_rcc.o
 .debug_rnglists
                0x0000053e      0x113 ./Drivers/STM32U5xx_HAL_Driver/Src/stm32u5xx_hal_rcc_ex.o
 .debug_rnglists
                0x00000651      0x148 ./Drivers/STM32U5xx_HAL_Driver/Src/stm32u5xx_hal_spi.o
 .debug_rnglists
                0x00000799       0x35 ./Drivers/STM32U5xx_HAL_Driver/Src/stm32u5xx_hal_spi_ex.o
 .debug_rnglists
                0x000007ce      0x1fb ./Drivers/STM32U5xx_HAL_Driver/Src/stm32u5xx_hal_uart.o
 .debug_rnglists
                0x000009c9       0x8c ./Drivers/STM32U5xx_HAL_Driver/Src/stm32u5xx_hal_uart_ex.o

.debug_frame    0x00000000     0x37ac
 .debug_frame   0x00000000       0x60 ./Core/Src/crc.o
 .debug_frame   0x00000060      0x11c ./Core/Src/main.o
 .debug_frame   0x0000017c       0xd0 ./Core/Src/stm32u5xx_hal_msp.o
 .debug_frame   0x0000024c      0x104 ./Core/Src/stm32u5xx_it.o
 .debug_frame   0x00000350       0x58 ./Core/Src/system_stm32u5xx.o
 .debug_frame   0x000003a8      0x500 ./Drivers/STM32U5xx_HAL_Driver/Src/stm32u5xx_hal.o
 .debug_frame   0x000008a8      0x560 ./Drivers/STM32U5xx_HAL_Driver/Src/stm32u5xx_hal_cortex.o
 .debug_frame   0x00000e08      0x1ec ./Drivers/STM32U5xx_HAL_Driver/Src/stm32u5xx_hal_gpio.o
 .debug_frame   0x00000ff4      0x84c ./Drivers/STM32U5xx_HAL_Driver/Src/stm32u5xx_hal_pwr_ex.o
 .debug_frame   0x00001840      0x288 ./Drivers/STM32U5xx_HAL_Driver/Src/stm32u5xx_hal_rcc.o
 .debug_frame   0x00001ac8      0x5f4 ./Drivers/STM32U5xx_HAL_Driver/Src/stm32u5xx_hal_rcc_ex.o
 .debug_frame   0x000020bc      0x7ac ./Drivers/STM32U5xx_HAL_Driver/Src/stm32u5xx_hal_spi.o
 .debug_frame   0x00002868      0x100 ./Drivers/STM32U5xx_HAL_Driver/Src/stm32u5xx_hal_spi_ex.o
 .debug_frame   0x00002968      0xa84 ./Drivers/STM32U5xx_HAL_Driver/Src/stm32u5xx_hal_uart.o
 .debug_frame   0x000033ec      0x310 ./Drivers/STM32U5xx_HAL_Driver/Src/stm32u5xx_hal_uart_ex.o
 .debug_frame   0x000036fc       0x20 /opt/st/stm32cubeide_1.15.1/plugins/com.st.stm32cube.ide.mcu.externaltools.gnu-tools-for-stm32.12.3.rel1.linux64_1.0.100.202403111256/tools/bin/../lib/gcc/arm-none-eabi/12.3.1/../../../../arm-none-eabi/lib/thumb/v8-m.main+fp/hard/libc_nano.a(libc_a-memset.o)
 .debug_frame   0x0000371c       0x2c /opt/st/stm32cubeide_1.15.1/plugins/com.st.stm32cube.ide.mcu.externaltools.gnu-tools-for-stm32.12.3.rel1.linux64_1.0.100.202403111256/tools/bin/../lib/gcc/arm-none-eabi/12.3.1/../../../../arm-none-eabi/lib/thumb/v8-m.main+fp/hard/libc_nano.a(libc_a-init.o)
 .debug_frame   0x00003748       0x2c /opt/st/stm32cubeide_1.15.1/plugins/com.st.stm32cube.ide.mcu.externaltools.gnu-tools-for-stm32.12.3.rel1.linux64_1.0.100.202403111256/tools/bin/../lib/gcc/arm-none-eabi/12.3.1/thumb/v8-m.main+fp/hard/libgcc.a(_aeabi_uldivmod.o)
 .debug_frame   0x00003774       0x38 /opt/st/stm32cubeide_1.15.1/plugins/com.st.stm32cube.ide.mcu.externaltools.gnu-tools-for-stm32.12.3.rel1.linux64_1.0.100.202403111256/tools/bin/../lib/gcc/arm-none-eabi/12.3.1/thumb/v8-m.main+fp/hard/libgcc.a(_udivmoddi4.o)

.debug_line_str
                0x00000000       0x6c
 .debug_line_str
                0x00000000       0x6c ./Core/Startup/startup_stm32u585aiixq.o
