Archive member included to satisfy reference by file (symbol)

/opt/st/stm32cubeide_1.15.1/plugins/com.st.stm32cube.ide.mcu.externaltools.gnu-tools-for-stm32.12.3.rel1.linux64_1.0.100.202403111256/tools/bin/../lib/gcc/arm-none-eabi/12.3.1/../../../../arm-none-eabi/lib/thumb/v8-m.main+fp/hard/libc_nano.a(libc_a-exit.o)
                              /opt/st/stm32cubeide_1.15.1/plugins/com.st.stm32cube.ide.mcu.externaltools.gnu-tools-for-stm32.12.3.rel1.linux64_1.0.100.202403111256/tools/bin/../lib/gcc/arm-none-eabi/12.3.1/../../../../arm-none-eabi/lib/thumb/v8-m.main+fp/hard/crt0.o (exit)
/opt/st/stm32cubeide_1.15.1/plugins/com.st.stm32cube.ide.mcu.externaltools.gnu-tools-for-stm32.12.3.rel1.linux64_1.0.100.202403111256/tools/bin/../lib/gcc/arm-none-eabi/12.3.1/../../../../arm-none-eabi/lib/thumb/v8-m.main+fp/hard/libc_nano.a(libc_a-findfp.o)
                              /opt/st/stm32cubeide_1.15.1/plugins/com.st.stm32cube.ide.mcu.externaltools.gnu-tools-for-stm32.12.3.rel1.linux64_1.0.100.202403111256/tools/bin/../lib/gcc/arm-none-eabi/12.3.1/../../../../arm-none-eabi/lib/thumb/v8-m.main+fp/hard/libc_nano.a(libc_a-exit.o) (__stdio_exit_handler)
/opt/st/stm32cubeide_1.15.1/plugins/com.st.stm32cube.ide.mcu.externaltools.gnu-tools-for-stm32.12.3.rel1.linux64_1.0.100.202403111256/tools/bin/../lib/gcc/arm-none-eabi/12.3.1/../../../../arm-none-eabi/lib/thumb/v8-m.main+fp/hard/libc_nano.a(libc_a-fwalk.o)
                              /opt/st/stm32cubeide_1.15.1/plugins/com.st.stm32cube.ide.mcu.externaltools.gnu-tools-for-stm32.12.3.rel1.linux64_1.0.100.202403111256/tools/bin/../lib/gcc/arm-none-eabi/12.3.1/../../../../arm-none-eabi/lib/thumb/v8-m.main+fp/hard/libc_nano.a(libc_a-findfp.o) (_fwalk_sglue)
/opt/st/stm32cubeide_1.15.1/plugins/com.st.stm32cube.ide.mcu.externaltools.gnu-tools-for-stm32.12.3.rel1.linux64_1.0.100.202403111256/tools/bin/../lib/gcc/arm-none-eabi/12.3.1/../../../../arm-none-eabi/lib/thumb/v8-m.main+fp/hard/libc_nano.a(libc_a-stdio.o)
                              /opt/st/stm32cubeide_1.15.1/plugins/com.st.stm32cube.ide.mcu.externaltools.gnu-tools-for-stm32.12.3.rel1.linux64_1.0.100.202403111256/tools/bin/../lib/gcc/arm-none-eabi/12.3.1/../../../../arm-none-eabi/lib/thumb/v8-m.main+fp/hard/libc_nano.a(libc_a-findfp.o) (__sread)
/opt/st/stm32cubeide_1.15.1/plugins/com.st.stm32cube.ide.mcu.externaltools.gnu-tools-for-stm32.12.3.rel1.linux64_1.0.100.202403111256/tools/bin/../lib/gcc/arm-none-eabi/12.3.1/../../../../arm-none-eabi/lib/thumb/v8-m.main+fp/hard/libc_nano.a(libc_a-memset.o)
                              /opt/st/stm32cubeide_1.15.1/plugins/com.st.stm32cube.ide.mcu.externaltools.gnu-tools-for-stm32.12.3.rel1.linux64_1.0.100.202403111256/tools/bin/../lib/gcc/arm-none-eabi/12.3.1/../../../../arm-none-eabi/lib/thumb/v8-m.main+fp/hard/crt0.o (memset)
/opt/st/stm32cubeide_1.15.1/plugins/com.st.stm32cube.ide.mcu.externaltools.gnu-tools-for-stm32.12.3.rel1.linux64_1.0.100.202403111256/tools/bin/../lib/gcc/arm-none-eabi/12.3.1/../../../../arm-none-eabi/lib/thumb/v8-m.main+fp/hard/libc_nano.a(libc_a-closer.o)
                              /opt/st/stm32cubeide_1.15.1/plugins/com.st.stm32cube.ide.mcu.externaltools.gnu-tools-for-stm32.12.3.rel1.linux64_1.0.100.202403111256/tools/bin/../lib/gcc/arm-none-eabi/12.3.1/../../../../arm-none-eabi/lib/thumb/v8-m.main+fp/hard/libc_nano.a(libc_a-stdio.o) (_close_r)
/opt/st/stm32cubeide_1.15.1/plugins/com.st.stm32cube.ide.mcu.externaltools.gnu-tools-for-stm32.12.3.rel1.linux64_1.0.100.202403111256/tools/bin/../lib/gcc/arm-none-eabi/12.3.1/../../../../arm-none-eabi/lib/thumb/v8-m.main+fp/hard/libc_nano.a(libc_a-reent.o)
                              /opt/st/stm32cubeide_1.15.1/plugins/com.st.stm32cube.ide.mcu.externaltools.gnu-tools-for-stm32.12.3.rel1.linux64_1.0.100.202403111256/tools/bin/../lib/gcc/arm-none-eabi/12.3.1/../../../../arm-none-eabi/lib/thumb/v8-m.main+fp/hard/libc_nano.a(libc_a-closer.o) (errno)
/opt/st/stm32cubeide_1.15.1/plugins/com.st.stm32cube.ide.mcu.externaltools.gnu-tools-for-stm32.12.3.rel1.linux64_1.0.100.202403111256/tools/bin/../lib/gcc/arm-none-eabi/12.3.1/../../../../arm-none-eabi/lib/thumb/v8-m.main+fp/hard/libc_nano.a(libc_a-impure.o)
                              /opt/st/stm32cubeide_1.15.1/plugins/com.st.stm32cube.ide.mcu.externaltools.gnu-tools-for-stm32.12.3.rel1.linux64_1.0.100.202403111256/tools/bin/../lib/gcc/arm-none-eabi/12.3.1/../../../../arm-none-eabi/lib/thumb/v8-m.main+fp/hard/libc_nano.a(libc_a-reent.o) (_impure_ptr)
/opt/st/stm32cubeide_1.15.1/plugins/com.st.stm32cube.ide.mcu.externaltools.gnu-tools-for-stm32.12.3.rel1.linux64_1.0.100.202403111256/tools/bin/../lib/gcc/arm-none-eabi/12.3.1/../../../../arm-none-eabi/lib/thumb/v8-m.main+fp/hard/libc_nano.a(libc_a-lseekr.o)
[...]
Memory Configuration

Name             Origin             Length             Attributes
RAM              0x20000000         0x000c0000         xrw
SRAM4            0x28000000         0x00004000         xrw
FLASH            0x08000000         0x00200000         xr
*default*        0x00000000         0xffffffff

Linker script and memory map

LOAD /opt/st/stm32cubeide_1.15.1/plugins/com.st.stm32cube.ide.mcu.externaltools.gnu-tools-for-stm32.12.3.rel1.linux64_1.0.100.202403111256/tools/bin/../lib/gcc/arm-none-eabi/12.3.1/thumb/v8-m.main+fp/hard/crti.o
LOAD /opt/st/stm32cubeide_1.15.1/plugins/com.st.stm32cube.ide.mcu.externaltools.gnu-tools-for-stm32.12.3.rel1.linux64_1.0.100.202403111256/tools/bin/../lib/gcc/arm-none-eabi/12.3.1/thumb/v8-m.main+fp/hard/crtbegin.o
LOAD /opt/st/stm32cubeide_1.15.1/plugins/com.st.stm32cube.ide.mcu.externaltools.gnu-tools-for-stm32.12.3.rel1.linux64_1.0.100.202403111256/tools/bin/../lib/gcc/arm-none-eabi/12.3.1/../../../../arm-none-eabi/lib/thumb/v8-m.main+fp/hard/crt0.o
LOAD ./Core/Src/main.o
LOAD ./Core/Src/stm32u5xx_hal_msp.o
LOAD ./Core/Src/stm32u5xx_it.o
LOAD ./Core/Src/syscalls.o
LOAD ./Core/Src/sysmem.o
LOAD ./Core/Src/system_stm32u5xx.o
LOAD ./Core/Startup/startup_stm32u585aiixq.o
LOAD ./Drivers/STM32U5xx_HAL_Driver/Src/stm32u5xx_hal.o
LOAD ./Drivers/STM32U5xx_HAL_Driver/Src/stm32u5xx_hal_cortex.o
LOAD ./Drivers/STM32U5xx_HAL_Driver/Src/stm32u5xx_hal_dma.o
LOAD ./Drivers/STM32U5xx_HAL_Driver/Src/stm32u5xx_hal_dma_ex.o
LOAD ./Drivers/STM32U5xx_HAL_Driver/Src/stm32u5xx_hal_exti.o
LOAD ./Drivers/STM32U5xx_HAL_Driver/Src/stm32u5xx_hal_flash.o
LOAD ./Drivers/STM32U5xx_HAL_Driver/Src/stm32u5xx_hal_flash_ex.o
LOAD ./Drivers/STM32U5xx_HAL_Driver/Src/stm32u5xx_hal_gpio.o
LOAD ./Drivers/STM32U5xx_HAL_Driver/Src/stm32u5xx_hal_gtzc.o
LOAD ./Drivers/STM32U5xx_HAL_Driver/Src/stm32u5xx_hal_i2c.o
LOAD ./Drivers/STM32U5xx_HAL_Driver/Src/stm32u5xx_hal_i2c_ex.o
LOAD ./Drivers/STM32U5xx_HAL_Driver/Src/stm32u5xx_hal_icache.o
LOAD ./Drivers/STM32U5xx_HAL_Driver/Src/stm32u5xx_hal_pwr.o
LOAD ./Drivers/STM32U5xx_HAL_Driver/Src/stm32u5xx_hal_pwr_ex.o
LOAD ./Drivers/STM32U5xx_HAL_Driver/Src/stm32u5xx_hal_rcc.o
LOAD ./Drivers/STM32U5xx_HAL_Driver/Src/stm32u5xx_hal_rcc_ex.o
LOAD ./Drivers/STM32U5xx_HAL_Driver/Src/stm32u5xx_hal_spi.o
LOAD ./Drivers/STM32U5xx_HAL_Driver/Src/stm32u5xx_hal_spi_ex.o
LOAD ./Drivers/STM32U5xx_HAL_Driver/Src/stm32u5xx_hal_tim.o
LOAD ./Drivers/STM32U5xx_HAL_Driver/Src/stm32u5xx_hal_tim_ex.o
LOAD ./Drivers/STM32U5xx_HAL_Driver/Src/stm32u5xx_hal_uart.o
LOAD ./Drivers/STM32U5xx_HAL_Driver/Src/stm32u5xx_hal_uart_ex.o
START GROUP
LOAD /opt/st/stm32cubeide_1.15.1/plugins/com.st.stm32cube.ide.mcu.externaltools.gnu-tools-for-stm32.12.3.rel1.linux64_1.0.100.202403111256/tools/bin/../lib/gcc/arm-none-eabi/12.3.1/../../../../arm-none-eabi/lib/thumb/v8-m.main+fp/hard/libc_nano.a
LOAD /opt/st/stm32cubeide_1.15.1/plugins/com.st.stm32cube.ide.mcu.externaltools.gnu-tools-for-stm32.12.3.rel1.linux64_1.0.100.202403111256/tools/bin/../lib/gcc/arm-none-eabi/12.3.1/../../../../arm-none-eabi/lib/thumb/v8-m.main+fp/hard/libm.a
END GROUP
START GROUP
LOAD /opt/st/stm32cubeide_1.15.1/plugins/com.st.stm32cube.ide.mcu.externaltools.gnu-tools-for-stm32.12.3.rel1.linux64_1.0.100.202403111256/tools/bin/../lib/gcc/arm-none-eabi/12.3.1/thumb/v8-m.main+fp/hard/libgcc.a
LOAD /opt/st/stm32cubeide_1.15.1/plugins/com.st.stm32cube.ide.mcu.externaltools.gnu-tools-for-stm32.12.3.rel1.linux64_1.0.100.202403111256/tools/bin/../lib/gcc/arm-none-eabi/12.3.1/../../../../arm-none-eabi/lib/thumb/v8-m.main+fp/hard/libc_nano.a
END GROUP
START GROUP
LOAD /opt/st/stm32cubeide_1.15.1/plugins/com.st.stm32cube.ide.mcu.externaltools.gnu-tools-for-stm32.12.3.rel1.linux64_1.0.100.202403111256/tools/bin/../lib/gcc/arm-none-eabi/12.3.1/thumb/v8-m.main+fp/hard/libgcc.a
LOAD /opt/st/stm32cubeide_1.15.1/plugins/com.st.stm32cube.ide.mcu.externaltools.gnu-tools-for-stm32.12.3.rel1.linux64_1.0.100.202403111256/tools/bin/../lib/gcc/arm-none-eabi/12.3.1/../../../../arm-none-eabi/lib/thumb/v8-m.main+fp/hard/libc_nano.a
LOAD /opt/st/stm32cubeide_1.15.1/plugins/com.st.stm32cube.ide.mcu.externaltools.gnu-tools-for-stm32.12.3.rel1.linux64_1.0.100.202403111256/tools/bin/../lib/gcc/arm-none-eabi/12.3.1/../../../../arm-none-eabi/lib/thumb/v8-m.main+fp/hard/libnosys.a
END GROUP
START GROUP
LOAD /opt/st/stm32cubeide_1.15.1/plugins/com.st.stm32cube.ide.mcu.externaltools.gnu-tools-for-stm32.12.3.rel1.linux64_1.0.100.202403111256/tools/bin/../lib/gcc/arm-none-eabi/12.3.1/thumb/v8-m.main+fp/hard/libgcc.a
LOAD /opt/st/stm32cubeide_1.15.1/plugins/com.st.stm32cube.ide.mcu.externaltools.gnu-tools-for-stm32.12.3.rel1.linux64_1.0.100.202403111256/tools/bin/../lib/gcc/arm-none-eabi/12.3.1/../../../../arm-none-eabi/lib/thumb/v8-m.main+fp/hard/libc_nano.a
LOAD /opt/st/stm32cubeide_1.15.1/plugins/com.st.stm32cube.ide.mcu.externaltools.gnu-tools-for-stm32.12.3.rel1.linux64_1.0.100.202403111256/tools/bin/../lib/gcc/arm-none-eabi/12.3.1/../../../../arm-none-eabi/lib/thumb/v8-m.main+fp/hard/libnosys.a
END GROUP
LOAD /opt/st/stm32cubeide_1.15.1/plugins/com.st.stm32cube.ide.mcu.externaltools.gnu-tools-for-stm32.12.3.rel1.linux64_1.0.100.202403111256/tools/bin/../lib/gcc/arm-none-eabi/12.3.1/thumb/v8-m.main+fp/hard/crtend.o
LOAD /opt/st/stm32cubeide_1.15.1/plugins/com.st.stm32cube.ide.mcu.externaltools.gnu-tools-for-stm32.12.3.rel1.linux64_1.0.100.202403111256/tools/bin/../lib/gcc/arm-none-eabi/12.3.1/thumb/v8-m.main+fp/hard/crtn.o
                0x200c0000                        _estack = (ORIGIN (RAM) + LENGTH (RAM))
                0x00000200                        _Min_Heap_Size = 0x200
                0x00000400                        _Min_Stack_Size = 0x400

.isr_vector     0x08000000      0x238
 *(.isr_vector)
 .isr_vector    0x08000000      0x238 ./Core/Startup/startup_stm32u585aiixq.o
                0x08000000                g_pfnVectors

.text           0x08000238     0x6bc4
 *(.text)
 .text          0x08000238       0x40 /opt/st/stm32cubeide_1.15.1/plugins/com.st.stm32cube.ide.mcu.externaltools.gnu-tools-for-stm32.12.3.rel1.linux64_1.0.100.202403111256/tools/bin/../lib/gcc/arm-none-eabi/12.3.1/thumb/v8-m.main+fp/hard/crtbegin.o
 .text          0x08000278       0x30 /opt/st/stm32cubeide_1.15.1/plugins/com.st.stm32cube.ide.mcu.externaltools.gnu-tools-for-stm32.12.3.rel1.linux64_1.0.100.202403111256/tools/bin/../lib/gcc/arm-none-eabi/12.3.1/thumb/v8-m.main+fp/hard/libgcc.a(_aeabi_uldivmod.o)
                0x08000278                __aeabi_uldivmod
 .text          0x080002a8      0x2e4 /opt/st/stm32cubeide_1.15.1/plugins/com.st.stm32cube.ide.mcu.externaltools.gnu-tools-for-stm32.12.3.rel1.linux64_1.0.100.202403111256/tools/bin/../lib/gcc/arm-none-eabi/12.3.1/thumb/v8-m.main+fp/hard/libgcc.a(_udivmoddi4.o)
                0x080002a8                __udivmoddi4
 .text          0x0800058c        0x4 /opt/st/stm32cubeide_1.15.1/plugins/com.st.stm32cube.ide.mcu.externaltools.gnu-tools-for-stm32.12.3.rel1.linux64_1.0.100.202403111256/tools/bin/../lib/gcc/arm-none-eabi/12.3.1/thumb/v8-m.main+fp/hard/libgcc.a(_dvmd_tls.o)
                0x0800058c                __aeabi_ldiv0
                0x0800058c                __aeabi_idiv0
 *(.text*)
 .text.main     0x08000590       0x74 ./Core/Src/main.o
                0x08000590                main
 .text.SystemClock_Config
                0x08000604       0xb8 ./Core/Src/main.o
                0x08000604                SystemClock_Config
 .text.MX_SPI1_Init
                0x080006bc       0xd4 ./Core/Src/main.o
 .text.MX_USART3_UART_Init
                0x08000790       0x98 ./Core/Src/main.o
 .text.UART_Transmit
                0x08000828       0x28 ./Core/Src/main.o
                0x08000828                UART_Transmit
 .text.UART_Receive
                0x08000850       0x28 ./Core/Src/main.o
                0x08000850                UART_Receive
 .text.MX_GPIO_Init
                0x08000878       0xa8 ./Core/Src/main.o
 .text.Error_Handler
                0x08000920        0xc ./Core/Src/main.o
                0x08000920                Error_Handler
 .text.HAL_MspInit
                0x0800092c       0x34 ./Core/Src/stm32u5xx_hal_msp.o
                0x0800092c                HAL_MspInit
 .text.HAL_SPI_MspInit
                0x08000960       0xd4 ./Core/Src/stm32u5xx_hal_msp.o
                0x08000960                HAL_SPI_MspInit
 .text.HAL_UART_MspInit
                0x08000a34       0xd0 ./Core/Src/stm32u5xx_hal_msp.o
                0x08000a34                HAL_UART_MspInit
 .text.NMI_Handler
                0x08000b04        0x8 ./Core/Src/stm32u5xx_it.o
                0x08000b04                NMI_Handler
 .text.HardFault_Handler
                0x08000b0c        0x8 ./Core/Src/stm32u5xx_it.o
                0x08000b0c                HardFault_Handler
 .text.MemManage_Handler
                0x08000b14        0x8 ./Core/Src/stm32u5xx_it.o
                0x08000b14                MemManage_Handler
 .text.BusFault_Handler
                0x08000b1c        0x8 ./Core/Src/stm32u5xx_it.o
                0x08000b1c                BusFault_Handler
 .text.UsageFault_Handler
                0x08000b24        0x8 ./Core/Src/stm32u5xx_it.o
                0x08000b24                UsageFault_Handler
 .text.SVC_Handler
                0x08000b2c        0xe ./Core/Src/stm32u5xx_it.o
                0x08000b2c                SVC_Handler
 .text.DebugMon_Handler
                0x08000b3a        0xe ./Core/Src/stm32u5xx_it.o
                0x08000b3a                DebugMon_Handler
 .text.PendSV_Handler
                0x08000b48        0xe ./Core/Src/stm32u5xx_it.o
                0x08000b48                PendSV_Handler
 .text.SysTick_Handler
                0x08000b56        0xc ./Core/Src/stm32u5xx_it.o
                0x08000b56                SysTick_Handler
 *fill*         0x08000b62        0x2 
 .text.SystemInit
                0x08000b64       0x70 ./Core/Src/system_stm32u5xx.o
                0x08000b64                SystemInit
 .text.Reset_Handler
                0x08000bd4       0x50 ./Core/Startup/startup_stm32u585aiixq.o
                0x08000bd4                Reset_Handler
 .text.Default_Handler
                0x08000c24        0x2 ./Core/Startup/startup_stm32u585aiixq.o
                0x08000c24                EXTI2_IRQHandler
                0x08000c24                TIM8_TRG_COM_IRQHandler
                0x08000c24                TIM8_CC_IRQHandler
                0x08000c24                EXTI5_IRQHandler
                0x08000c24                FLASH_S_IRQHandler
                0x08000c24                EXTI13_IRQHandler
                0x08000c24                TIM1_CC_IRQHandler
                0x08000c24                TSC_IRQHandler
                0x08000c24                TAMP_IRQHandler
                0x08000c24                TIM6_IRQHandler
                0x08000c24                EXTI12_IRQHandler
                0x08000c24                CORDIC_IRQHandler
                0x08000c24                EXTI3_IRQHandler
                0x08000c24                LPTIM4_IRQHandler
                0x08000c24                GPDMA1_Channel5_IRQHandler
                0x08000c24                EXTI8_IRQHandler
                0x08000c24                LPTIM2_IRQHandler
                0x08000c24                I2C3_ER_IRQHandler
                0x08000c24                PWR_S3WU_IRQHandler
                0x08000c24                MDF1_FLT2_IRQHandler
                0x08000c24                LPDMA1_Channel3_IRQHandler
                0x08000c24                LPTIM3_IRQHandler
                0x08000c24                EXTI0_IRQHandler
                0x08000c24                I2C2_EV_IRQHandler
                0x08000c24                FPU_IRQHandler
                0x08000c24                GPDMA1_Channel3_IRQHandler
                0x08000c24                GPDMA1_Channel7_IRQHandler
                0x08000c24                MDF1_FLT4_IRQHandler
                0x08000c24                FDCAN1_IT1_IRQHandler
                0x08000c24                RAMCFG_IRQHandler
                0x08000c24                GPDMA1_Channel9_IRQHandler
                0x08000c24                DCACHE1_IRQHandler
                0x08000c24                SPI1_IRQHandler
                0x08000c24                OCTOSPI1_IRQHandler
                0x08000c24                GPDMA1_Channel2_IRQHandler
                0x08000c24                TIM8_UP_IRQHandler
                0x08000c24                RCC_S_IRQHandler
                0x08000c24                OCTOSPI2_IRQHandler
                0x08000c24                SAI2_IRQHandler
                0x08000c24                MDF1_FLT1_IRQHandler
                0x08000c24                ADC1_IRQHandler
                0x08000c24                PKA_IRQHandler
                0x08000c24                MDF1_FLT5_IRQHandler
                0x08000c24                EXTI15_IRQHandler
                0x08000c24                TIM17_IRQHandler
                0x08000c24                USART3_IRQHandler
                0x08000c24                RTC_IRQHandler
                0x08000c24                EXTI9_IRQHandler
                0x08000c24                UART5_IRQHandler
                0x08000c24                TIM4_IRQHandler
                0x08000c24                I2C1_EV_IRQHandler
                0x08000c24                GPDMA1_Channel12_IRQHandler
                0x08000c24                GPDMA1_Channel1_IRQHandler
                0x08000c24                TIM16_IRQHandler
                0x08000c24                GPDMA1_Channel15_IRQHandler
                0x08000c24                UART4_IRQHandler
                0x08000c24                SecureFault_Handler
                0x08000c24                TIM3_IRQHandler
                0x08000c24                RCC_IRQHandler
                0x08000c24                TIM1_TRG_COM_IRQHandler
                0x08000c24                Default_Handler
                0x08000c24                GPDMA1_Channel8_IRQHandler
                0x08000c24                FMAC_IRQHandler
                0x08000c24                OTFDEC1_IRQHandler
                0x08000c24                GPDMA1_Channel11_IRQHandler
                0x08000c24                TIM7_IRQHandler
                0x08000c24                SDMMC1_IRQHandler
                0x08000c24                SAES_IRQHandler
                0x08000c24                TIM5_IRQHandler
                0x08000c24                UCPD1_IRQHandler
                0x08000c24                GPDMA1_Channel0_IRQHandler
                0x08000c24                TIM15_IRQHandler
                0x08000c24                I2C3_EV_IRQHandler
                0x08000c24                LPDMA1_Channel0_IRQHandler
                0x08000c24                PVD_PVM_IRQHandler
                0x08000c24                SPI2_IRQHandler
                0x08000c24                LPDMA1_Channel1_IRQHandler
                0x08000c24                EXTI14_IRQHandler
                0x08000c24                EXTI11_IRQHandler
                0x08000c24                OTFDEC2_IRQHandler
                0x08000c24                CRS_IRQHandler
                0x08000c24                GPDMA1_Channel14_IRQHandler
                0x08000c24                LSECSSD_IRQHandler
                0x08000c24                EXTI4_IRQHandler
                0x08000c24                RTC_S_IRQHandler
                0x08000c24                GPDMA1_Channel13_IRQHandler
                0x08000c24                RNG_IRQHandler
                0x08000c24                COMP_IRQHandler
                0x08000c24                TIM1_UP_IRQHandler
                0x08000c24                ADC4_IRQHandler
                0x08000c24                WWDG_IRQHandler
                0x08000c24                I2C4_EV_IRQHandler
                0x08000c24                ADF1_IRQHandler
                0x08000c24                IWDG_IRQHandler
                0x08000c24                LPUART1_IRQHandler
                0x08000c24                MDF1_FLT0_IRQHandler
                0x08000c24                FDCAN1_IT0_IRQHandler
                0x08000c24                TIM2_IRQHandler
                0x08000c24                GPDMA1_Channel4_IRQHandler
                0x08000c24                EXTI7_IRQHandler
                0x08000c24                DMA2D_IRQHandler
                0x08000c24                TIM1_BRK_IRQHandler
                0x08000c24                EXTI1_IRQHandler
                0x08000c24                SDMMC2_IRQHandler
                0x08000c24                AES_IRQHandler
                0x08000c24                DAC1_IRQHandler
                0x08000c24                GTZC_IRQHandler
                0x08000c24                MDF1_FLT3_IRQHandler
                0x08000c24                USART2_IRQHandler
                0x08000c24                GPDMA1_Channel6_IRQHandler
                0x08000c24                I2C2_ER_IRQHandler
                0x08000c24                TIM8_BRK_IRQHandler
                0x08000c24                FLASH_IRQHandler
                0x08000c24                USART1_IRQHandler
                0x08000c24                EXTI10_IRQHandler
                0x08000c24                OTG_FS_IRQHandler
                0x08000c24                SPI3_IRQHandler
                0x08000c24                LPDMA1_Channel2_IRQHandler
                0x08000c24                I2C1_ER_IRQHandler
                0x08000c24                FMC_IRQHandler
                0x08000c24                EXTI6_IRQHandler
                0x08000c24                LPTIM1_IRQHandler
                0x08000c24                DCMI_PSSI_IRQHandler
                0x08000c24                I2C4_ER_IRQHandler
                0x08000c24                GPDMA1_Channel10_IRQHandler
                0x08000c24                ICACHE_IRQHandler
                0x08000c24                SAI1_IRQHandler
                0x08000c24                HASH_IRQHandler
 *fill*         0x08000c26        0x2 
 .text.HAL_Init
                0x08000c28       0x60 ./Drivers/STM32U5xx_HAL_Driver/Src/stm32u5xx_hal.o
                0x08000c28                HAL_Init
 .text.HAL_InitTick
                0x08000c88       0xec ./Drivers/STM32U5xx_HAL_Driver/Src/stm32u5xx_hal.o
                0x08000c88                HAL_InitTick
 .text.HAL_IncTick
                0x08000d74       0x28 ./Drivers/STM32U5xx_HAL_Driver/Src/stm32u5xx_hal.o
                0x08000d74                HAL_IncTick
 .text.HAL_GetTick
                0x08000d9c       0x18 ./Drivers/STM32U5xx_HAL_Driver/Src/stm32u5xx_hal.o
                0x08000d9c                HAL_GetTick
 .text.__NVIC_SetPriorityGrouping
                0x08000db4       0x48 ./Drivers/STM32U5xx_HAL_Driver/Src/stm32u5xx_hal_cortex.o
 .text.__NVIC_GetPriorityGrouping
                0x08000dfc       0x1c ./Drivers/STM32U5xx_HAL_Driver/Src/stm32u5xx_hal_cortex.o
 .text.__NVIC_SetPriority
                0x08000e18       0x54 ./Drivers/STM32U5xx_HAL_Driver/Src/stm32u5xx_hal_cortex.o
 .text.NVIC_EncodePriority
                0x08000e6c       0x66 ./Drivers/STM32U5xx_HAL_Driver/Src/stm32u5xx_hal_cortex.o
 .text.HAL_NVIC_SetPriorityGrouping
                0x08000ed2       0x16 ./Drivers/STM32U5xx_HAL_Driver/Src/stm32u5xx_hal_cortex.o
                0x08000ed2                HAL_NVIC_SetPriorityGrouping
 .text.HAL_NVIC_SetPriority
                0x08000ee8       0x34 ./Drivers/STM32U5xx_HAL_Driver/Src/stm32u5xx_hal_cortex.o
                0x08000ee8                HAL_NVIC_SetPriority
 .text.HAL_SYSTICK_Config
                0x08000f1c       0x44 ./Drivers/STM32U5xx_HAL_Driver/Src/stm32u5xx_hal_cortex.o
                0x08000f1c                HAL_SYSTICK_Config
 .text.HAL_SYSTICK_CLKSourceConfig
                0x08000f60       0xb0 ./Drivers/STM32U5xx_HAL_Driver/Src/stm32u5xx_hal_cortex.o
                0x08000f60                HAL_SYSTICK_CLKSourceConfig
 .text.HAL_SYSTICK_GetCLKSourceConfig
                0x08001010       0x74 ./Drivers/STM32U5xx_HAL_Driver/Src/stm32u5xx_hal_cortex.o
                0x08001010                HAL_SYSTICK_GetCLKSourceConfig
 .text.HAL_GPIO_Init
                0x08001084      0x3b0 ./Drivers/STM32U5xx_HAL_Driver/Src/stm32u5xx_hal_gpio.o
                0x08001084                HAL_GPIO_Init
 .text.HAL_GPIO_WritePin
                0x08001434       0x30 ./Drivers/STM32U5xx_HAL_Driver/Src/stm32u5xx_hal_gpio.o
                0x08001434                HAL_GPIO_WritePin
 .text.HAL_PWREx_ControlVoltageScaling
                0x08001464       0xfc ./Drivers/STM32U5xx_HAL_Driver/Src/stm32u5xx_hal_pwr_ex.o
                0x08001464                HAL_PWREx_ControlVoltageScaling
 .text.HAL_PWREx_GetVoltageRange
                0x08001560       0x1c ./Drivers/STM32U5xx_HAL_Driver/Src/stm32u5xx_hal_pwr_ex.o
                0x08001560                HAL_PWREx_GetVoltageRange
 .text.HAL_RCC_OscConfig
                0x0800157c      0xdb8 ./Drivers/STM32U5xx_HAL_Driver/Src/stm32u5xx_hal_rcc.o
                0x0800157c                HAL_RCC_OscConfig
 .text.HAL_RCC_ClockConfig
                0x08002334      0x3e4 ./Drivers/STM32U5xx_HAL_Driver/Src/stm32u5xx_hal_rcc.o
                0x08002334                HAL_RCC_ClockConfig
 .text.HAL_RCC_GetSysClockFreq
                0x08002718      0x204 ./Drivers/STM32U5xx_HAL_Driver/Src/stm32u5xx_hal_rcc.o
                0x08002718                HAL_RCC_GetSysClockFreq
 .text.HAL_RCC_GetHCLKFreq
                0x0800291c       0x34 ./Drivers/STM32U5xx_HAL_Driver/Src/stm32u5xx_hal_rcc.o
                0x0800291c                HAL_RCC_GetHCLKFreq
 .text.HAL_RCC_GetPCLK1Freq
                0x08002950       0x28 ./Drivers/STM32U5xx_HAL_Driver/Src/stm32u5xx_hal_rcc.o
                0x08002950                HAL_RCC_GetPCLK1Freq
 .text.HAL_RCC_GetPCLK2Freq
                0x08002978       0x28 ./Drivers/STM32U5xx_HAL_Driver/Src/stm32u5xx_hal_rcc.o
                0x08002978                HAL_RCC_GetPCLK2Freq
 .text.HAL_RCC_GetPCLK3Freq
                0x080029a0       0x28 ./Drivers/STM32U5xx_HAL_Driver/Src/stm32u5xx_hal_rcc.o
                0x080029a0                HAL_RCC_GetPCLK3Freq
 .text.RCC_SetFlashLatencyFromMSIRange
                0x080029c8      0x10c ./Drivers/STM32U5xx_HAL_Driver/Src/stm32u5xx_hal_rcc.o
 .text.HAL_RCCEx_PeriphCLKConfig
                0x08002ad4      0xb80 ./Drivers/STM32U5xx_HAL_Driver/Src/stm32u5xx_hal_rcc_ex.o
                0x08002ad4                HAL_RCCEx_PeriphCLKConfig
 .text.HAL_RCCEx_GetPLL1ClockFreq
                0x08003654      0x2b4 ./Drivers/STM32U5xx_HAL_Driver/Src/stm32u5xx_hal_rcc_ex.o
                0x08003654                HAL_RCCEx_GetPLL1ClockFreq
 .text.HAL_RCCEx_GetPLL2ClockFreq
                0x08003908      0x2b4 ./Drivers/STM32U5xx_HAL_Driver/Src/stm32u5xx_hal_rcc_ex.o
                0x08003908                HAL_RCCEx_GetPLL2ClockFreq
 .text.HAL_RCCEx_GetPLL3ClockFreq
                0x08003bbc      0x2b4 ./Drivers/STM32U5xx_HAL_Driver/Src/stm32u5xx_hal_rcc_ex.o
                0x08003bbc                HAL_RCCEx_GetPLL3ClockFreq
 .text.HAL_RCCEx_GetPeriphCLKFreq
                0x08003e70     0x13c4 ./Drivers/STM32U5xx_HAL_Driver/Src/stm32u5xx_hal_rcc_ex.o
                0x08003e70                HAL_RCCEx_GetPeriphCLKFreq
 .text.RCCEx_PLL2_Config
                0x08005234      0x130 ./Drivers/STM32U5xx_HAL_Driver/Src/stm32u5xx_hal_rcc_ex.o
 .text.RCCEx_PLL3_Config
                0x08005364      0x130 ./Drivers/STM32U5xx_HAL_Driver/Src/stm32u5xx_hal_rcc_ex.o
 .text.HAL_SPI_Init
                0x08005494      0x22c ./Drivers/STM32U5xx_HAL_Driver/Src/stm32u5xx_hal_spi.o
                0x08005494                HAL_SPI_Init
 .text.HAL_SPI_Transmit
                0x080056c0      0x420 ./Drivers/STM32U5xx_HAL_Driver/Src/stm32u5xx_hal_spi.o
                0x080056c0                HAL_SPI_Transmit
 .text.HAL_SPI_Receive
                0x08005ae0      0x344 ./Drivers/STM32U5xx_HAL_Driver/Src/stm32u5xx_hal_spi.o
                0x08005ae0                HAL_SPI_Receive
 .text.SPI_CloseTransfer
                0x08005e24      0x140 ./Drivers/STM32U5xx_HAL_Driver/Src/stm32u5xx_hal_spi.o
 .text.SPI_WaitOnFlagUntilTimeout
                0x08005f64       0x5c ./Drivers/STM32U5xx_HAL_Driver/Src/stm32u5xx_hal_spi.o
 .text.SPI_GetPacketSize
                0x08005fc0       0x36 ./Drivers/STM32U5xx_HAL_Driver/Src/stm32u5xx_hal_spi.o
 .text.HAL_SPIEx_SetConfigAutonomousMode
                0x08005ff6       0x82 ./Drivers/STM32U5xx_HAL_Driver/Src/stm32u5xx_hal_spi_ex.o
                0x08005ff6                HAL_SPIEx_SetConfigAutonomousMode
 .text.HAL_UART_Init
                0x08006078       0xa0 ./Drivers/STM32U5xx_HAL_Driver/Src/stm32u5xx_hal_uart.o
                0x08006078                HAL_UART_Init
 .text.HAL_UART_Transmit
                0x08006118      0x13c ./Drivers/STM32U5xx_HAL_Driver/Src/stm32u5xx_hal_uart.o
                0x08006118                HAL_UART_Transmit
 .text.HAL_UART_Receive
                0x08006254      0x1ae ./Drivers/STM32U5xx_HAL_Driver/Src/stm32u5xx_hal_uart.o
                0x08006254                HAL_UART_Receive
 *fill*         0x08006402        0x2 
 .text.UART_SetConfig
                0x08006404      0x344 ./Drivers/STM32U5xx_HAL_Driver/Src/stm32u5xx_hal_uart.o
                0x08006404                UART_SetConfig
 .text.UART_AdvFeatureConfig
                0x08006748      0x144 ./Drivers/STM32U5xx_HAL_Driver/Src/stm32u5xx_hal_uart.o
                0x08006748                UART_AdvFeatureConfig
 .text.UART_CheckIdleState
                0x0800688c      0x154 ./Drivers/STM32U5xx_HAL_Driver/Src/stm32u5xx_hal_uart.o
                0x0800688c                UART_CheckIdleState
 .text.UART_WaitOnFlagUntilTimeout
                0x080069e0       0xda ./Drivers/STM32U5xx_HAL_Driver/Src/stm32u5xx_hal_uart.o
                0x080069e0                UART_WaitOnFlagUntilTimeout
 .text.UART_EndRxTransfer
                0x08006aba       0xcc ./Drivers/STM32U5xx_HAL_Driver/Src/stm32u5xx_hal_uart.o
 .text.HAL_UARTEx_DisableFifoMode
                0x08006b86       0x72 ./Drivers/STM32U5xx_HAL_Driver/Src/stm32u5xx_hal_uart_ex.o
                0x08006b86                HAL_UARTEx_DisableFifoMode
 .text.HAL_UARTEx_SetTxFifoThreshold
                0x08006bf8       0x7c ./Drivers/STM32U5xx_HAL_Driver/Src/stm32u5xx_hal_uart_ex.o
                0x08006bf8                HAL_UARTEx_SetTxFifoThreshold
 .text.HAL_UARTEx_SetRxFifoThreshold
                0x08006c74       0x7c ./Drivers/STM32U5xx_HAL_Driver/Src/stm32u5xx_hal_uart_ex.o
                0x08006c74                HAL_UARTEx_SetRxFifoThreshold
 .text.UARTEx_SetNbDataToProcess
                0x08006cf0       0x9c ./Drivers/STM32U5xx_HAL_Driver/Src/stm32u5xx_hal_uart_ex.o
 .text.memset   0x08006d8c       0x10 /opt/st/stm32cubeide_1.15.1/plugins/com.st.stm32cube.ide.mcu.externaltools.gnu-tools-for-stm32.12.3.rel1.linux64_1.0.100.202403111256/tools/bin/../lib/gcc/arm-none-eabi/12.3.1/../../../../arm-none-eabi/lib/thumb/v8-m.main+fp/hard/libc_nano.a(libc_a-memset.o)
                0x08006d8c                memset
 .text.__libc_init_array
                0x08006d9c       0x48 /opt/st/stm32cubeide_1.15.1/plugins/com.st.stm32cube.ide.mcu.externaltools.gnu-tools-for-stm32.12.3.rel1.linux64_1.0.100.202403111256/tools/bin/../lib/gcc/arm-none-eabi/12.3.1/../../../../arm-none-eabi/lib/thumb/v8-m.main+fp/hard/libc_nano.a(libc_a-init.o)
                0x08006d9c                __libc_init_array
 *(.glue_7)
 .glue_7        0x08006de4        0x0 linker stubs
 *(.glue_7t)
 .glue_7t       0x08006de4        0x0 linker stubs
 *(.eh_frame)
 .eh_frame      0x08006de4        0x0 /opt/st/stm32cubeide_1.15.1/plugins/com.st.stm32cube.ide.mcu.externaltools.gnu-tools-for-stm32.12.3.rel1.linux64_1.0.100.202403111256/tools/bin/../lib/gcc/arm-none-eabi/12.3.1/thumb/v8-m.main+fp/hard/crtbegin.o
 *(.init)
 .init          0x08006de4        0x4 /opt/st/stm32cubeide_1.15.1/plugins/com.st.stm32cube.ide.mcu.externaltools.gnu-tools-for-stm32.12.3.rel1.linux64_1.0.100.202403111256/tools/bin/../lib/gcc/arm-none-eabi/12.3.1/thumb/v8-m.main+fp/hard/crti.o
                0x08006de4                _init
 .init          0x08006de8        0x8 /opt/st/stm32cubeide_1.15.1/plugins/com.st.stm32cube.ide.mcu.externaltools.gnu-tools-for-stm32.12.3.rel1.linux64_1.0.100.202403111256/tools/bin/../lib/gcc/arm-none-eabi/12.3.1/thumb/v8-m.main+fp/hard/crtn.o
 *(.fini)
 .fini          0x08006df0        0x4 /opt/st/stm32cubeide_1.15.1/plugins/com.st.stm32cube.ide.mcu.externaltools.gnu-tools-for-stm32.12.3.rel1.linux64_1.0.100.202403111256/tools/bin/../lib/gcc/arm-none-eabi/12.3.1/thumb/v8-m.main+fp/hard/crti.o
                0x08006df0                _fini
 .fini          0x08006df4        0x8 /opt/st/stm32cubeide_1.15.1/plugins/com.st.stm32cube.ide.mcu.externaltools.gnu-tools-for-stm32.12.3.rel1.linux64_1.0.100.202403111256/tools/bin/../lib/gcc/arm-none-eabi/12.3.1/thumb/v8-m.main+fp/hard/crtn.o
                0x08006dfc                        _etext = .

.vfp11_veneer   0x08006dfc        0x0
 .vfp11_veneer  0x08006dfc        0x0 linker stubs

.v4_bx          0x08006dfc        0x0
 .v4_bx         0x08006dfc        0x0 linker stubs

.iplt           0x08006dfc        0x0
 .iplt          0x08006dfc        0x0 /opt/st/stm32cubeide_1.15.1/plugins/com.st.stm32cube.ide.mcu.externaltools.gnu-tools-for-stm32.12.3.rel1.linux64_1.0.100.202403111256/tools/bin/../lib/gcc/arm-none-eabi/12.3.1/thumb/v8-m.main+fp/hard/crtbegin.o

.rodata         0x08006dfc      0x10c
 *(.rodata)
 .rodata        0x08006dfc        0xc ./Core/Src/main.o
 *(.rodata*)
 .rodata.AHBPrescTable
                0x08006e08       0x10 ./Core/Src/system_stm32u5xx.o
                0x08006e08                AHBPrescTable
 .rodata.APBPrescTable
                0x08006e18        0x8 ./Core/Src/system_stm32u5xx.o
                0x08006e18                APBPrescTable
 .rodata.MSIRangeTable
                0x08006e20       0x40 ./Core/Src/system_stm32u5xx.o
                0x08006e20                MSIRangeTable
 .rodata.LPGPIO_Map
                0x08006e60       0x80 ./Drivers/STM32U5xx_HAL_Driver/Src/stm32u5xx_hal_gpio.o
 .rodata.UARTPrescTable
                0x08006ee0       0x18 ./Drivers/STM32U5xx_HAL_Driver/Src/stm32u5xx_hal_uart.o
                0x08006ee0                UARTPrescTable
 .rodata.numerator.1
                0x08006ef8        0x8 ./Drivers/STM32U5xx_HAL_Driver/Src/stm32u5xx_hal_uart_ex.o
 .rodata.denominator.0
                0x08006f00        0x8 ./Drivers/STM32U5xx_HAL_Driver/Src/stm32u5xx_hal_uart_ex.o

.ARM.extab
 *(.ARM.extab* .gnu.linkonce.armextab.*)

.ARM            0x08006f08        0x8
                0x08006f08                        __exidx_start = .
 *(.ARM.exidx*)
 .ARM.exidx     0x08006f08        0x8 /opt/st/stm32cubeide_1.15.1/plugins/com.st.stm32cube.ide.mcu.externaltools.gnu-tools-for-stm32.12.3.rel1.linux64_1.0.100.202403111256/tools/bin/../lib/gcc/arm-none-eabi/12.3.1/thumb/v8-m.main+fp/hard/libgcc.a(_udivmoddi4.o)
                0x08006f10                        __exidx_end = .

.preinit_array  0x08006f10        0x0
                0x08006f10                        PROVIDE (__preinit_array_start = .)
 *(.preinit_array*)
                0x08006f10                        PROVIDE (__preinit_array_end = .)

.init_array     0x08006f10        0x4
                0x08006f10                        PROVIDE (__init_array_start = .)
 *(SORT_BY_NAME(.init_array.*))
 *(.init_array*)
 .init_array    0x08006f10        0x4 /opt/st/stm32cubeide_1.15.1/plugins/com.st.stm32cube.ide.mcu.externaltools.gnu-tools-for-stm32.12.3.rel1.linux64_1.0.100.202403111256/tools/bin/../lib/gcc/arm-none-eabi/12.3.1/thumb/v8-m.main+fp/hard/crtbegin.o
                0x08006f14                        PROVIDE (__init_array_end = .)

.fini_array     0x08006f14        0x4
                [!provide]                        PROVIDE (__fini_array_start = .)
 *(SORT_BY_NAME(.fini_array.*))
 *(.fini_array*)
 .fini_array    0x08006f14        0x4 /opt/st/stm32cubeide_1.15.1/plugins/com.st.stm32cube.ide.mcu.externaltools.gnu-tools-for-stm32.12.3.rel1.linux64_1.0.100.202403111256/tools/bin/../lib/gcc/arm-none-eabi/12.3.1/thumb/v8-m.main+fp/hard/crtbegin.o
                [!provide]                        PROVIDE (__fini_array_end = .)
                0x08006f18                        _sidata = LOADADDR (.data)

.rel.dyn        0x08006f18        0x0
 .rel.iplt      0x08006f18        0x0 /opt/st/stm32cubeide_1.15.1/plugins/com.st.stm32cube.ide.mcu.externaltools.gnu-tools-for-stm32.12.3.rel1.linux64_1.0.100.202403111256/tools/bin/../lib/gcc/arm-none-eabi/12.3.1/thumb/v8-m.main+fp/hard/crtbegin.o

.data           0x20000000        0x9 load address 0x08006f18
                0x20000000                        _sdata = .
 *(.data)
 *(.data*)
 .data.SystemCoreClock
                0x20000000        0x4 ./Core/Src/system_stm32u5xx.o
                0x20000000                SystemCoreClock
 .data.uwTickPrio
                0x20000004        0x4 ./Drivers/STM32U5xx_HAL_Driver/Src/stm32u5xx_hal.o
                0x20000004                uwTickPrio
 .data.uwTickFreq
                0x20000008        0x1 ./Drivers/STM32U5xx_HAL_Driver/Src/stm32u5xx_hal.o
                0x20000008                uwTickFreq
 *(.RamFunc)
 *(.RamFunc*)
                0x20000009                        _edata = .

.igot.plt       0x2000000c        0x0 load address 0x08006f21
 .igot.plt      0x2000000c        0x0 /opt/st/stm32cubeide_1.15.1/plugins/com.st.stm32cube.ide.mcu.externaltools.gnu-tools-for-stm32.12.3.rel1.linux64_1.0.100.202403111256/tools/bin/../lib/gcc/arm-none-eabi/12.3.1/thumb/v8-m.main+fp/hard/crtbegin.o

.bss            0x2000000c      0x144 load address 0x08006f21
                0x2000000c                        _sbss = .
                0x2000000c                        __bss_start__ = _sbss
 *(.bss)
 .bss           0x2000000c       0x1c /opt/st/stm32cubeide_1.15.1/plugins/com.st.stm32cube.ide.mcu.externaltools.gnu-tools-for-stm32.12.3.rel1.linux64_1.0.100.202403111256/tools/bin/../lib/gcc/arm-none-eabi/12.3.1/thumb/v8-m.main+fp/hard/crtbegin.o
 *(.bss*)
 .bss.hspi1     0x20000028       0x90 ./Core/Src/main.o
                0x20000028                hspi1
 .bss.huart3    0x200000b8       0x94 ./Core/Src/main.o
                0x200000b8                huart3
 .bss.uwTick    0x2000014c        0x4 ./Drivers/STM32U5xx_HAL_Driver/Src/stm32u5xx_hal.o
                0x2000014c                uwTick
 *(COMMON)
                0x20000150                        _ebss = .
                0x20000150                        __bss_end__ = _ebss

._user_heap_stack
                0x20000150      0x600 load address 0x08006f21
                0x20000150                        . = ALIGN (0x8)
                [!provide]                        PROVIDE (end = .)
                0x20000150                        PROVIDE (_end = .)
                0x20000350                        . = (. + _Min_Heap_Size)
 *fill*         0x20000150      0x200 
                0x20000750                        . = (. + _Min_Stack_Size)
 *fill*         0x20000350      0x400 
                0x20000750                        . = ALIGN (0x8)

/DISCARD/
 libc.a(*)
 libm.a(*)
 libgcc.a(*)

.ARM.attributes
                0x00000000       0x36
 *(.ARM.attributes)
 .ARM.attributes
                0x00000000       0x26 /opt/st/stm32cubeide_1.15.1/plugins/com.st.stm32cube.ide.mcu.externaltools.gnu-tools-for-stm32.12.3.rel1.linux64_1.0.100.202403111256/tools/bin/../lib/gcc/arm-none-eabi/12.3.1/thumb/v8-m.main+fp/hard/crti.o
 .ARM.attributes
                0x00000026       0x38 /opt/st/stm32cubeide_1.15.1/plugins/com.st.stm32cube.ide.mcu.externaltools.gnu-tools-for-stm32.12.3.rel1.linux64_1.0.100.202403111256/tools/bin/../lib/gcc/arm-none-eabi/12.3.1/thumb/v8-m.main+fp/hard/crtbegin.o
 .ARM.attributes
                0x0000005e       0x3a ./Core/Src/main.o
 .ARM.attributes
                0x00000098       0x3a ./Core/Src/stm32u5xx_hal_msp.o
 .ARM.attributes
                0x000000d2       0x3a ./Core/Src/stm32u5xx_it.o
 .ARM.attributes
                0x0000010c       0x3a ./Core/Src/system_stm32u5xx.o
 .ARM.attributes
                0x00000146       0x24 ./Core/Startup/startup_stm32u585aiixq.o
 .ARM.attributes
                0x0000016a       0x3a ./Drivers/STM32U5xx_HAL_Driver/Src/stm32u5xx_hal.o
 .ARM.attributes
                0x000001a4       0x3a ./Drivers/STM32U5xx_HAL_Driver/Src/stm32u5xx_hal_cortex.o
 .ARM.attributes
                0x000001de       0x3a ./Drivers/STM32U5xx_HAL_Driver/Src/stm32u5xx_hal_gpio.o
 .ARM.attributes
                0x00000218       0x3a ./Drivers/STM32U5xx_HAL_Driver/Src/stm32u5xx_hal_pwr_ex.o
 .ARM.attributes
                0x00000252       0x3a ./Drivers/STM32U5xx_HAL_Driver/Src/stm32u5xx_hal_rcc.o
 .ARM.attributes
                0x0000028c       0x3a ./Drivers/STM32U5xx_HAL_Driver/Src/stm32u5xx_hal_rcc_ex.o
 .ARM.attributes
                0x000002c6       0x3a ./Drivers/STM32U5xx_HAL_Driver/Src/stm32u5xx_hal_spi.o
 .ARM.attributes
                0x00000300       0x3a ./Drivers/STM32U5xx_HAL_Driver/Src/stm32u5xx_hal_spi_ex.o
 .ARM.attributes
                0x0000033a       0x3a ./Drivers/STM32U5xx_HAL_Driver/Src/stm32u5xx_hal_uart.o
 .ARM.attributes
                0x00000374       0x3a ./Drivers/STM32U5xx_HAL_Driver/Src/stm32u5xx_hal_uart_ex.o
 .ARM.attributes
                0x000003ae       0x38 /opt/st/stm32cubeide_1.15.1/plugins/com.st.stm32cube.ide.mcu.externaltools.gnu-tools-for-stm32.12.3.rel1.linux64_1.0.100.202403111256/tools/bin/../lib/gcc/arm-none-eabi/12.3.1/../../../../arm-none-eabi/lib/thumb/v8-m.main+fp/hard/libc_nano.a(libc_a-memset.o)
 .ARM.attributes
                0x000003e6       0x38 /opt/st/stm32cubeide_1.15.1/plugins/com.st.stm32cube.ide.mcu.externaltools.gnu-tools-for-stm32.12.3.rel1.linux64_1.0.100.202403111256/tools/bin/../lib/gcc/arm-none-eabi/12.3.1/../../../../arm-none-eabi/lib/thumb/v8-m.main+fp/hard/libc_nano.a(libc_a-init.o)
 .ARM.attributes
                0x0000041e       0x26 /opt/st/stm32cubeide_1.15.1/plugins/com.st.stm32cube.ide.mcu.externaltools.gnu-tools-for-stm32.12.3.rel1.linux64_1.0.100.202403111256/tools/bin/../lib/gcc/arm-none-eabi/12.3.1/thumb/v8-m.main+fp/hard/libgcc.a(_aeabi_uldivmod.o)
 .ARM.attributes
                0x00000444       0x38 /opt/st/stm32cubeide_1.15.1/plugins/com.st.stm32cube.ide.mcu.externaltools.gnu-tools-for-stm32.12.3.rel1.linux64_1.0.100.202403111256/tools/bin/../lib/gcc/arm-none-eabi/12.3.1/thumb/v8-m.main+fp/hard/libgcc.a(_udivmoddi4.o)
 .ARM.attributes
                0x0000047c       0x26 /opt/st/stm32cubeide_1.15.1/plugins/com.st.stm32cube.ide.mcu.externaltools.gnu-tools-for-stm32.12.3.rel1.linux64_1.0.100.202403111256/tools/bin/../lib/gcc/arm-none-eabi/12.3.1/thumb/v8-m.main+fp/hard/libgcc.a(_dvmd_tls.o)
 .ARM.attributes
                0x000004a2       0x26 /opt/st/stm32cubeide_1.15.1/plugins/com.st.stm32cube.ide.mcu.externaltools.gnu-tools-for-stm32.12.3.rel1.linux64_1.0.100.202403111256/tools/bin/../lib/gcc/arm-none-eabi/12.3.1/thumb/v8-m.main+fp/hard/crtn.o
OUTPUT(SpiToUart.elf elf32-littlearm)
LOAD linker stubs
LOAD /opt/st/stm32cubeide_1.15.1/plugins/com.st.stm32cube.ide.mcu.externaltools.gnu-tools-for-stm32.12.3.rel1.linux64_1.0.100.202403111256/tools/bin/../lib/gcc/arm-none-eabi/12.3.1/../../../../arm-none-eabi/lib/thumb/v8-m.main+fp/hard/libc.a
LOAD /opt/st/stm32cubeide_1.15.1/plugins/com.st.stm32cube.ide.mcu.externaltools.gnu-tools-for-stm32.12.3.rel1.linux64_1.0.100.202403111256/tools/bin/../lib/gcc/arm-none-eabi/12.3.1/../../../../arm-none-eabi/lib/thumb/v8-m.main+fp/hard/libm.a
LOAD /opt/st/stm32cubeide_1.15.1/plugins/com.st.stm32cube.ide.mcu.externaltools.gnu-tools-for-stm32.12.3.rel1.linux64_1.0.100.202403111256/tools/bin/../lib/gcc/arm-none-eabi/12.3.1/thumb/v8-m.main+fp/hard/libgcc.a

.debug_info     0x00000000    0x1107f
 .debug_info    0x00000000     0x1786 ./Core/Src/main.o
 .debug_info    0x00001786     0x15e2 ./Core/Src/stm32u5xx_hal_msp.o
 .debug_info    0x00002d68      0x128 ./Core/Src/stm32u5xx_it.o
 .debug_info    0x00002e90      0x929 ./Core/Src/system_stm32u5xx.o
 .debug_info    0x000037b9       0x30 ./Core/Startup/startup_stm32u585aiixq.o
 .debug_info    0x000037e9     0x11fb ./Drivers/STM32U5xx_HAL_Driver/Src/stm32u5xx_hal.o
 .debug_info    0x000049e4     0x1658 ./Drivers/STM32U5xx_HAL_Driver/Src/stm32u5xx_hal_cortex.o
 .debug_info    0x0000603c      0x859 ./Drivers/STM32U5xx_HAL_Driver/Src/stm32u5xx_hal_gpio.o
 .debug_info    0x00006895      0xe3e ./Drivers/STM32U5xx_HAL_Driver/Src/stm32u5xx_hal_pwr_ex.o
 .debug_info    0x000076d3     0x11f0 ./Drivers/STM32U5xx_HAL_Driver/Src/stm32u5xx_hal_rcc.o
 .debug_info    0x000088c3     0x158b ./Drivers/STM32U5xx_HAL_Driver/Src/stm32u5xx_hal_rcc_ex.o
 .debug_info    0x00009e4e     0x1581 ./Drivers/STM32U5xx_HAL_Driver/Src/stm32u5xx_hal_spi.o
 .debug_info    0x0000b3cf      0xa97 ./Drivers/STM32U5xx_HAL_Driver/Src/stm32u5xx_hal_spi_ex.o
 .debug_info    0x0000be66     0x4029 ./Drivers/STM32U5xx_HAL_Driver/Src/stm32u5xx_hal_uart.o
 .debug_info    0x0000fe8f     0x11f0 ./Drivers/STM32U5xx_HAL_Driver/Src/stm32u5xx_hal_uart_ex.o

.debug_abbrev   0x00000000     0x203e
 .debug_abbrev  0x00000000      0x2f3 ./Core/Src/main.o
 .debug_abbrev  0x000002f3      0x1f6 ./Core/Src/stm32u5xx_hal_msp.o
 .debug_abbrev  0x000004e9       0x73 ./Core/Src/stm32u5xx_it.o
 .debug_abbrev  0x0000055c      0x129 ./Core/Src/system_stm32u5xx.o
 .debug_abbrev  0x00000685       0x24 ./Core/Startup/startup_stm32u585aiixq.o
 .debug_abbrev  0x000006a9      0x2ba ./Drivers/STM32U5xx_HAL_Driver/Src/stm32u5xx_hal.o
 .debug_abbrev  0x00000963      0x311 ./Drivers/STM32U5xx_HAL_Driver/Src/stm32u5xx_hal_cortex.o
 .debug_abbrev  0x00000c74      0x25a ./Drivers/STM32U5xx_HAL_Driver/Src/stm32u5xx_hal_gpio.o
 .debug_abbrev  0x00000ece      0x215 ./Drivers/STM32U5xx_HAL_Driver/Src/stm32u5xx_hal_pwr_ex.o
 .debug_abbrev  0x000010e3      0x2cb ./Drivers/STM32U5xx_HAL_Driver/Src/stm32u5xx_hal_rcc.o
 .debug_abbrev  0x000013ae      0x23d ./Drivers/STM32U5xx_HAL_Driver/Src/stm32u5xx_hal_rcc_ex.o
 .debug_abbrev  0x000015eb      0x2b3 ./Drivers/STM32U5xx_HAL_Driver/Src/stm32u5xx_hal_spi.o
 .debug_abbrev  0x0000189e      0x1c7 ./Drivers/STM32U5xx_HAL_Driver/Src/stm32u5xx_hal_spi_ex.o
 .debug_abbrev  0x00001a65      0x305 ./Drivers/STM32U5xx_HAL_Driver/Src/stm32u5xx_hal_uart.o
 .debug_abbrev  0x00001d6a      0x2d4 ./Drivers/STM32U5xx_HAL_Driver/Src/stm32u5xx_hal_uart_ex.o

.debug_aranges  0x00000000      0xd40
 .debug_aranges
                0x00000000       0x58 ./Core/Src/main.o
 .debug_aranges
                0x00000058       0x40 ./Core/Src/stm32u5xx_hal_msp.o
 .debug_aranges
                0x00000098       0x60 ./Core/Src/stm32u5xx_it.o
 .debug_aranges
                0x000000f8       0x28 ./Core/Src/system_stm32u5xx.o
 .debug_aranges
                0x00000120       0x28 ./Core/Startup/startup_stm32u585aiixq.o
 .debug_aranges
                0x00000148      0x148 ./Drivers/STM32U5xx_HAL_Driver/Src/stm32u5xx_hal.o
 .debug_aranges
                0x00000290      0x140 ./Drivers/STM32U5xx_HAL_Driver/Src/stm32u5xx_hal_cortex.o
 .debug_aranges
                0x000003d0       0x78 ./Drivers/STM32U5xx_HAL_Driver/Src/stm32u5xx_hal_gpio.o
 .debug_aranges
                0x00000448      0x200 ./Drivers/STM32U5xx_HAL_Driver/Src/stm32u5xx_hal_pwr_ex.o
 .debug_aranges
                0x00000648       0xa8 ./Drivers/STM32U5xx_HAL_Driver/Src/stm32u5xx_hal_rcc.o
 .debug_aranges
                0x000006f0      0x160 ./Drivers/STM32U5xx_HAL_Driver/Src/stm32u5xx_hal_rcc_ex.o
 .debug_aranges
                0x00000850      0x1a8 ./Drivers/STM32U5xx_HAL_Driver/Src/stm32u5xx_hal_spi.o
 .debug_aranges
                0x000009f8       0x48 ./Drivers/STM32U5xx_HAL_Driver/Src/stm32u5xx_hal_spi_ex.o
 .debug_aranges
                0x00000a40      0x248 ./Drivers/STM32U5xx_HAL_Driver/Src/stm32u5xx_hal_uart.o
 .debug_aranges
                0x00000c88       0xb8 ./Drivers/STM32U5xx_HAL_Driver/Src/stm32u5xx_hal_uart_ex.o

.debug_rnglists
                0x00000000      0xa39
 .debug_rnglists
                0x00000000       0x41 ./Core/Src/main.o
 .debug_rnglists
                0x00000041       0x2d ./Core/Src/stm32u5xx_hal_msp.o
 .debug_rnglists
                0x0000006e       0x43 ./Core/Src/stm32u5xx_it.o
 .debug_rnglists
                0x000000b1       0x1a ./Core/Src/system_stm32u5xx.o
 .debug_rnglists
                0x000000cb       0x19 ./Core/Startup/startup_stm32u585aiixq.o
 .debug_rnglists
                0x000000e4       0xf3 ./Drivers/STM32U5xx_HAL_Driver/Src/stm32u5xx_hal.o
 .debug_rnglists
                0x000001d7       0xec ./Drivers/STM32U5xx_HAL_Driver/Src/stm32u5xx_hal_cortex.o
 .debug_rnglists
                0x000002c3       0x5a ./Drivers/STM32U5xx_HAL_Driver/Src/stm32u5xx_hal_gpio.o
 .debug_rnglists
                0x0000031d      0x186 ./Drivers/STM32U5xx_HAL_Driver/Src/stm32u5xx_hal_pwr_ex.o
 .debug_rnglists
                0x000004a3       0x7f ./Drivers/STM32U5xx_HAL_Driver/Src/stm32u5xx_hal_rcc.o
 .debug_rnglists
                0x00000522      0x113 ./Drivers/STM32U5xx_HAL_Driver/Src/stm32u5xx_hal_rcc_ex.o
 .debug_rnglists
                0x00000635      0x148 ./Drivers/STM32U5xx_HAL_Driver/Src/stm32u5xx_hal_spi.o
 .debug_rnglists
                0x0000077d       0x35 ./Drivers/STM32U5xx_HAL_Driver/Src/stm32u5xx_hal_spi_ex.o
 .debug_rnglists
                0x000007b2      0x1fb ./Drivers/STM32U5xx_HAL_Driver/Src/stm32u5xx_hal_uart.o
 .debug_rnglists
                0x000009ad       0x8c ./Drivers/STM32U5xx_HAL_Driver/Src/stm32u5xx_hal_uart_ex.o

.debug_macro    0x00000000    0x32557
 .debug_macro   0x00000000      0x281 ./Core/Src/main.o
 .debug_macro   0x00000281      0xaba ./Core/Src/main.o
 .debug_macro   0x00000d3b      0x1e6 ./Core/Src/main.o
 .debug_macro   0x00000f21       0x2e ./Core/Src/main.o
 .debug_macro   0x00000f4f       0x42 ./Core/Src/main.o
 .debug_macro   0x00000f91       0x22 ./Core/Src/main.o
 .debug_macro   0x00000fb3       0x8e ./Core/Src/main.o
 .debug_macro   0x00001041       0x51 ./Core/Src/main.o
 .debug_macro   0x00001092      0x103 ./Core/Src/main.o
 .debug_macro   0x00001195       0x6a ./Core/Src/main.o
 .debug_macro   0x000011ff      0x1df ./Core/Src/main.o
 .debug_macro   0x000013de       0x1c ./Core/Src/main.o
 .debug_macro   0x000013fa       0x29 ./Core/Src/main.o
 .debug_macro   0x00001423       0xfb ./Core/Src/main.o
 .debug_macro   0x0000151e     0x1685 ./Core/Src/main.o
 .debug_macro   0x00002ba3       0x5e ./Core/Src/main.o
 .debug_macro   0x00002c01    0x23951 ./Core/Src/main.o
 .debug_macro   0x00026552       0x6d ./Core/Src/main.o
 .debug_macro   0x000265bf     0x3873 ./Core/Src/main.o
 .debug_macro   0x00029e32      0x189 ./Core/Src/main.o
 .debug_macro   0x00029fbb       0x61 ./Core/Src/main.o
 .debug_macro   0x0002a01c       0x2a ./Core/Src/main.o
 .debug_macro   0x0002a046       0x43 ./Core/Src/main.o
 .debug_macro   0x0002a089       0x34 ./Core/Src/main.o
 .debug_macro   0x0002a0bd       0x16 ./Core/Src/main.o
 .debug_macro   0x0002a0d3       0x43 ./Core/Src/main.o
 .debug_macro   0x0002a116       0x34 ./Core/Src/main.o
 .debug_macro   0x0002a14a       0x10 ./Core/Src/main.o
 .debug_macro   0x0002a15a       0x58 ./Core/Src/main.o
 .debug_macro   0x0002a1b2       0x8e ./Core/Src/main.o
 .debug_macro   0x0002a240       0x1c ./Core/Src/main.o
 .debug_macro   0x0002a25c      0x177 ./Core/Src/main.o
 .debug_macro   0x0002a3d3      0x369 ./Core/Src/main.o
 .debug_macro   0x0002a73c      0x19b ./Core/Src/main.o
 .debug_macro   0x0002a8d7       0x5d ./Core/Src/main.o
 .debug_macro   0x0002a934     0x1bfd ./Core/Src/main.o
 .debug_macro   0x0002c531      0x7ff ./Core/Src/main.o
 .debug_macro   0x0002cd30      0x166 ./Core/Src/main.o
 .debug_macro   0x0002ce96      0x2aa ./Core/Src/main.o
 .debug_macro   0x0002d140      0x5a5 ./Core/Src/main.o
 .debug_macro   0x0002d6e5      0x439 ./Core/Src/main.o
 .debug_macro   0x0002db1e       0xd6 ./Core/Src/main.o
 .debug_macro   0x0002dbf4      0x1cd ./Core/Src/main.o
 .debug_macro   0x0002ddc1      0x432 ./Core/Src/main.o
 .debug_macro   0x0002e1f3       0x95 ./Core/Src/main.o
 .debug_macro   0x0002e288      0x11c ./Core/Src/main.o
 .debug_macro   0x0002e3a4      0x525 ./Core/Src/main.o
 .debug_macro   0x0002e8c9      0x4bf ./Core/Src/main.o
 .debug_macro   0x0002ed88      0x5cf ./Core/Src/main.o
 .debug_macro   0x0002f357       0xee ./Core/Src/main.o
 .debug_macro   0x0002f445       0xd6 ./Core/Src/main.o
 .debug_macro   0x0002f51b      0x677 ./Core/Src/main.o
 .debug_macro   0x0002fb92      0x1a1 ./Core/Src/main.o
 .debug_macro   0x0002fd33      0x1c0 ./Core/Src/main.o
 .debug_macro   0x0002fef3      0x361 ./Core/Src/main.o
 .debug_macro   0x00030254       0x10 ./Core/Src/main.o
 .debug_macro   0x00030264      0x281 ./Core/Src/stm32u5xx_hal_msp.o
 .debug_macro   0x000304e5      0x28b ./Core/Src/stm32u5xx_it.o
 .debug_macro   0x00030770      0x279 ./Core/Src/system_stm32u5xx.o
 .debug_macro   0x000309e9      0x296 ./Drivers/STM32U5xx_HAL_Driver/Src/stm32u5xx_hal.o
 .debug_macro   0x00030c7f      0x272 ./Drivers/STM32U5xx_HAL_Driver/Src/stm32u5xx_hal_cortex.o
 .debug_macro   0x00030ef1      0x2a7 ./Drivers/STM32U5xx_HAL_Driver/Src/stm32u5xx_hal_gpio.o
 .debug_macro   0x00031198      0x29d ./Drivers/STM32U5xx_HAL_Driver/Src/stm32u5xx_hal_pwr_ex.o
 .debug_macro   0x00031435      0x378 ./Drivers/STM32U5xx_HAL_Driver/Src/stm32u5xx_hal_rcc.o
 .debug_macro   0x000317ad      0x3a3 ./Drivers/STM32U5xx_HAL_Driver/Src/stm32u5xx_hal_rcc_ex.o
 .debug_macro   0x00031b50      0x27a ./Drivers/STM32U5xx_HAL_Driver/Src/stm32u5xx_hal_spi.o
 .debug_macro   0x00031dca      0x272 ./Drivers/STM32U5xx_HAL_Driver/Src/stm32u5xx_hal_spi_ex.o
 .debug_macro   0x0003203c      0x29d ./Drivers/STM32U5xx_HAL_Driver/Src/stm32u5xx_hal_uart.o
 .debug_macro   0x000322d9      0x27e ./Drivers/STM32U5xx_HAL_Driver/Src/stm32u5xx_hal_uart_ex.o

.debug_line     0x00000000    0x10997
 .debug_line    0x00000000      0x97b ./Core/Src/main.o
 .debug_line    0x0000097b      0x878 ./Core/Src/stm32u5xx_hal_msp.o
 .debug_line    0x000011f3      0x87c ./Core/Src/stm32u5xx_it.o
 .debug_line    0x00001a6f      0x8bb ./Core/Src/system_stm32u5xx.o
 .debug_line    0x0000232a       0x79 ./Core/Startup/startup_stm32u585aiixq.o
 .debug_line    0x000023a3      0xc38 ./Drivers/STM32U5xx_HAL_Driver/Src/stm32u5xx_hal.o
 .debug_line    0x00002fdb      0xe2a ./Drivers/STM32U5xx_HAL_Driver/Src/stm32u5xx_hal_cortex.o
 .debug_line    0x00003e05      0xd49 ./Drivers/STM32U5xx_HAL_Driver/Src/stm32u5xx_hal_gpio.o
 .debug_line    0x00004b4e     0x1145 ./Drivers/STM32U5xx_HAL_Driver/Src/stm32u5xx_hal_pwr_ex.o
 .debug_line    0x00005c93     0x14e3 ./Drivers/STM32U5xx_HAL_Driver/Src/stm32u5xx_hal_rcc.o
 .debug_line    0x00007176     0x22ae ./Drivers/STM32U5xx_HAL_Driver/Src/stm32u5xx_hal_rcc_ex.o
 .debug_line    0x00009424     0x2346 ./Drivers/STM32U5xx_HAL_Driver/Src/stm32u5xx_hal_spi.o
 .debug_line    0x0000b76a      0x9dc ./Drivers/STM32U5xx_HAL_Driver/Src/stm32u5xx_hal_spi_ex.o
 .debug_line    0x0000c146     0x3923 ./Drivers/STM32U5xx_HAL_Driver/Src/stm32u5xx_hal_uart.o
 .debug_line    0x0000fa69      0xf2e ./Drivers/STM32U5xx_HAL_Driver/Src/stm32u5xx_hal_uart_ex.o

.debug_str      0x00000000   0x13d488
 .debug_str     0x00000000   0x13644a ./Core/Src/main.o
                             0x137061 (size before relaxing)
 .debug_str     0x0013644a      0x3d4 ./Core/Src/stm32u5xx_hal_msp.o
                             0x137033 (size before relaxing)
 .debug_str     0x0013681e       0xc9 ./Core/Src/stm32u5xx_it.o
                             0x136162 (size before relaxing)
 .debug_str     0x001368e7      0x1c9 ./Core/Src/system_stm32u5xx.o
                             0x136493 (size before relaxing)
 .debug_str     0x00136ab0       0x45 ./Core/Startup/startup_stm32u585aiixq.o
                                 0x7e (size before relaxing)
 .debug_str     0x00136af5      0xf02 ./Drivers/STM32U5xx_HAL_Driver/Src/stm32u5xx_hal.o
                             0x137346 (size before relaxing)
 .debug_str     0x001379f7      0x40e ./Drivers/STM32U5xx_HAL_Driver/Src/stm32u5xx_hal_cortex.o
                             0x13710e (size before relaxing)
 .debug_str     0x00137e05      0x2eb ./Drivers/STM32U5xx_HAL_Driver/Src/stm32u5xx_hal_gpio.o
                             0x1364b8 (size before relaxing)
 .debug_str     0x001380f0      0x83f ./Drivers/STM32U5xx_HAL_Driver/Src/stm32u5xx_hal_pwr_ex.o
                             0x136bd3 (size before relaxing)
 .debug_str     0x0013892f     0x1301 ./Drivers/STM32U5xx_HAL_Driver/Src/stm32u5xx_hal_rcc.o
                             0x137b88 (size before relaxing)
 .debug_str     0x00139c30     0x25fa ./Drivers/STM32U5xx_HAL_Driver/Src/stm32u5xx_hal_rcc_ex.o
                             0x138e7b (size before relaxing)
 .debug_str     0x0013c22a      0x558 ./Drivers/STM32U5xx_HAL_Driver/Src/stm32u5xx_hal_spi.o
                             0x136d65 (size before relaxing)
 .debug_str     0x0013c782       0xee ./Drivers/STM32U5xx_HAL_Driver/Src/stm32u5xx_hal_spi_ex.o
                             0x1368f7 (size before relaxing)
 .debug_str     0x0013c870      0x905 ./Drivers/STM32U5xx_HAL_Driver/Src/stm32u5xx_hal_uart.o
                             0x13715a (size before relaxing)
 .debug_str     0x0013d175      0x313 ./Drivers/STM32U5xx_HAL_Driver/Src/stm32u5xx_hal_uart_ex.o
                             0x136c0c (size before relaxing)

.comment        0x00000000       0x43
 .comment       0x00000000       0x43 ./Core/Src/main.o
                                 0x44 (size before relaxing)
 .comment       0x00000043       0x44 ./Core/Src/stm32u5xx_hal_msp.o
 .comment       0x00000043       0x44 ./Core/Src/stm32u5xx_it.o
 .comment       0x00000043       0x44 ./Core/Src/system_stm32u5xx.o
 .comment       0x00000043       0x44 ./Drivers/STM32U5xx_HAL_Driver/Src/stm32u5xx_hal.o
 .comment       0x00000043       0x44 ./Drivers/STM32U5xx_HAL_Driver/Src/stm32u5xx_hal_cortex.o
 .comment       0x00000043       0x44 ./Drivers/STM32U5xx_HAL_Driver/Src/stm32u5xx_hal_gpio.o
 .comment       0x00000043       0x44 ./Drivers/STM32U5xx_HAL_Driver/Src/stm32u5xx_hal_pwr_ex.o
 .comment       0x00000043       0x44 ./Drivers/STM32U5xx_HAL_Driver/Src/stm32u5xx_hal_rcc.o
 .comment       0x00000043       0x44 ./Drivers/STM32U5xx_HAL_Driver/Src/stm32u5xx_hal_rcc_ex.o
 .comment       0x00000043       0x44 ./Drivers/STM32U5xx_HAL_Driver/Src/stm32u5xx_hal_spi.o
 .comment       0x00000043       0x44 ./Drivers/STM32U5xx_HAL_Driver/Src/stm32u5xx_hal_spi_ex.o
 .comment       0x00000043       0x44 ./Drivers/STM32U5xx_HAL_Driver/Src/stm32u5xx_hal_uart.o
 .comment       0x00000043       0x44 ./Drivers/STM32U5xx_HAL_Driver/Src/stm32u5xx_hal_uart_ex.o

.debug_frame    0x00000000     0x374c
 .debug_frame   0x00000000      0x11c ./Core/Src/main.o
 .debug_frame   0x0000011c       0xd0 ./Core/Src/stm32u5xx_hal_msp.o
 .debug_frame   0x000001ec      0x104 ./Core/Src/stm32u5xx_it.o
 .debug_frame   0x000002f0       0x58 ./Core/Src/system_stm32u5xx.o
 .debug_frame   0x00000348      0x500 ./Drivers/STM32U5xx_HAL_Driver/Src/stm32u5xx_hal.o
 .debug_frame   0x00000848      0x560 ./Drivers/STM32U5xx_HAL_Driver/Src/stm32u5xx_hal_cortex.o
 .debug_frame   0x00000da8      0x1ec ./Drivers/STM32U5xx_HAL_Driver/Src/stm32u5xx_hal_gpio.o
 .debug_frame   0x00000f94      0x84c ./Drivers/STM32U5xx_HAL_Driver/Src/stm32u5xx_hal_pwr_ex.o
 .debug_frame   0x000017e0      0x288 ./Drivers/STM32U5xx_HAL_Driver/Src/stm32u5xx_hal_rcc.o
 .debug_frame   0x00001a68      0x5f4 ./Drivers/STM32U5xx_HAL_Driver/Src/stm32u5xx_hal_rcc_ex.o
 .debug_frame   0x0000205c      0x7ac ./Drivers/STM32U5xx_HAL_Driver/Src/stm32u5xx_hal_spi.o
 .debug_frame   0x00002808      0x100 ./Drivers/STM32U5xx_HAL_Driver/Src/stm32u5xx_hal_spi_ex.o
 .debug_frame   0x00002908      0xa84 ./Drivers/STM32U5xx_HAL_Driver/Src/stm32u5xx_hal_uart.o
 .debug_frame   0x0000338c      0x310 ./Drivers/STM32U5xx_HAL_Driver/Src/stm32u5xx_hal_uart_ex.o
 .debug_frame   0x0000369c       0x20 /opt/st/stm32cubeide_1.15.1/plugins/com.st.stm32cube.ide.mcu.externaltools.gnu-tools-for-stm32.12.3.rel1.linux64_1.0.100.202403111256/tools/bin/../lib/gcc/arm-none-eabi/12.3.1/../../../../arm-none-eabi/lib/thumb/v8-m.main+fp/hard/libc_nano.a(libc_a-memset.o)
 .debug_frame   0x000036bc       0x2c /opt/st/stm32cubeide_1.15.1/plugins/com.st.stm32cube.ide.mcu.externaltools.gnu-tools-for-stm32.12.3.rel1.linux64_1.0.100.202403111256/tools/bin/../lib/gcc/arm-none-eabi/12.3.1/../../../../arm-none-eabi/lib/thumb/v8-m.main+fp/hard/libc_nano.a(libc_a-init.o)
 .debug_frame   0x000036e8       0x2c /opt/st/stm32cubeide_1.15.1/plugins/com.st.stm32cube.ide.mcu.externaltools.gnu-tools-for-stm32.12.3.rel1.linux64_1.0.100.202403111256/tools/bin/../lib/gcc/arm-none-eabi/12.3.1/thumb/v8-m.main+fp/hard/libgcc.a(_aeabi_uldivmod.o)
 .debug_frame   0x00003714       0x38 /opt/st/stm32cubeide_1.15.1/plugins/com.st.stm32cube.ide.mcu.externaltools.gnu-tools-for-stm32.12.3.rel1.linux64_1.0.100.202403111256/tools/bin/../lib/gcc/arm-none-eabi/12.3.1/thumb/v8-m.main+fp/hard/libgcc.a(_udivmoddi4.o)

.debug_line_str
                0x00000000       0x62
 .debug_line_str
                0x00000000       0x62 ./Core/Startup/startup_stm32u585aiixq.o
