08:23:09 **** Incremental Build of configuration Debug for project SpiToUart ****
make -j12 all 
arm-none-eabi-gcc "../Core/Src/main.c" -mcpu=cortex-m33 -std=gnu11 -g3 -DDEBUG -DUSE_HAL_DRIVER -DSTM32U585xx -c -I../Core/Inc -I../Drivers/STM32U5xx_HAL_Driver/Inc -I../Drivers/STM32U5xx_HAL_Driver/Inc/Legacy -I../Drivers/CMSIS/Device/ST/STM32U5xx/Include -I../Drivers/CMSIS/Include -O0 -ffunction-sections -fdata-sections -Wall -fstack-usage -fcyclomatic-complexity -MMD -MP -MF"Core/Src/main.d" -MT"Core/Src/main.o" --specs=nano.specs -mfpu=fpv5-sp-d16 -mfloat-abi=hard -mthumb -o "Core/Src/main.o"
../Core/Src/main.c: In function 'main':
../Core/Src/main.c:114:17: warning: implicit declaration of function 'UART_Transmit'; did you mean 'HAL_UART_Transmit'? [-Wimplicit-function-declaration]
  114 |                 UART_Transmit(spi_rx_buffer, HAL_MAX_DELAY);
      |                 ^~~~~~~~~~~~~
      |                 HAL_UART_Transmit
../Core/Src/main.c:117:14: warning: implicit declaration of function 'UART_Receive'; did you mean 'HAL_UART_Receive'? [-Wimplicit-function-declaration]
  117 |           if(UART_Receive(rxData, sizeof(rxData)) == HAL_OK)
      |              ^~~~~~~~~~~~
      |              HAL_UART_Receive
../Core/Src/main.c:104:11: warning: unused variable 'txData' [-Wunused-variable]
  104 |   uint8_t txData[] = "Hello UART!";
      |           ^~~~~~
../Core/Src/main.c: At top level:
../Core/Src/main.c:286:6: warning: conflicting types for 'UART_Transmit'; have 'void(uint8_t *, uint16_t)' {aka 'void(unsigned char *, short unsigned int)'}
  286 | void UART_Transmit(uint8_t *pData, uint16_t Size)
      |      ^~~~~~~~~~~~~
../Core/Src/main.c:114:17: note: previous implicit declaration of 'UART_Transmit' with type 'void(uint8_t *, uint16_t)' {aka 'void(unsigned char *, short unsigned int)'}
  114 |                 UART_Transmit(spi_rx_buffer, HAL_MAX_DELAY);
      |                 ^~~~~~~~~~~~~
../Core/Src/main.c:291:6: warning: conflicting types for 'UART_Receive'; have 'void(uint8_t *, uint16_t)' {aka 'void(unsigned char *, short unsigned int)'}
  291 | void UART_Receive(uint8_t *pData, uint16_t Size)
      |      ^~~~~~~~~~~~
../Core/Src/main.c:117:14: note: previous implicit declaration of 'UART_Receive' with type 'void(uint8_t *, uint16_t)' {aka 'void(unsigned char *, short unsigned int)'}
  117 |           if(UART_Receive(rxData, sizeof(rxData)) == HAL_OK)
      |              ^~~~~~~~~~~~
arm-none-eabi-gcc -o "SpiToUart.elf" @"objects.list"   -mcpu=cortex-m33 -T"/home/tuna/STM32CubeIDE/workspace_1.15.1/SpiToUart/STM32U585AIIXQ_FLASH.ld" --specs=nosys.specs -Wl,-Map="SpiToUart.map" -Wl,--gc-sections -static --specs=nano.specs -mfpu=fpv5-sp-d16 -mfloat-abi=hard -mthumb -Wl,--start-group -lc -lm -Wl,--end-group
Finished building target: SpiToUart.elf
 
arm-none-eabi-size  SpiToUart.elf 
arm-none-eabi-objdump -h -S SpiToUart.elf  > "SpiToUart.list"
   text	   data	    bss	    dec	    hex	filename
  28440	      9	   1860	  30309	   7665	SpiToUart.elf
Finished building: default.size.stdout
 
Finished building: SpiToUart.list
 

08:23:10 Build Finished. 0 errors, 5 warnings. (took 472ms)

